[db] Initialized at /home/Helios/job-hunter/jobs.db

============================================================
  UNIFIED AUTO-APPLY: 5 jobs
  Semi-auto: True
============================================================


--- Job 1/5 ---
  Senior Cloud Performance EngineerAmsterdam (remote) @ clickhouse
  Score: 68
  ATS: greenhouse
  URL: https://job-boards.greenhouse.io/clickhouse/jobs/5768081004
[cv_gen] PDF generado (weasyprint): /home/Helios/.job-hunter/jobs/clickhouse-Senior-Cloud-Performance-EngineerAmsterdam-remote-2026-08-26/clickhouse_Senior_Cloud_Performance_EngineerAmsterd_cv.pdf
  📄 CV adaptado: /home/Helios/.job-hunter/jobs/clickhouse-Senior-Cloud-Performance-EngineerAmsterdam-remote-2026-08-26/clickhouse_Senior_Cloud_Performance_EngineerAmsterd_cv.pdf
[greenhouse] Filling basic fields: ['first_name', 'last_name', 'email', 'phone']
[greenhouse] Filling first_name = Oscar...
[greenhouse] ✓ Filled first_name
[greenhouse] Filling last_name = Alfaro Porras...
[greenhouse] ✓ Filled last_name
[greenhouse] Filling email = goliohs@o7outlet.com...
[greenhouse] ✓ Filled email
[greenhouse] Filling phone = 87833158...
[greenhouse] ✓ Filled phone
[greenhouse] Filling phone country code combobox (+506 Costa Rica)
[greenhouse] Filling question_15133171004 (LinkedIn or GitHub Profile*...) = https://linkedin.com/in/ozdevops...
[greenhouse] Filling question_15133174004 (Please describe in a few words your expe...) = 10+ years building and operating distrib...
[greenhouse] Uploading CV from: /home/Helios/.job-hunter/jobs/clickhouse-Senior-Cloud-Performance-EngineerAmsterdam-remote-2026-08-26/clickhouse_Senior_Cloud_Performance_EngineerAmsterd_cv.pdf
[4d0c622f] HUMAN INTERVENTION REQUIRED: Review application, fill broken fields, solve CAPTCHA, then click Submit
[4d0c622f] Screenshot: /home/Helios/job-hunter/screenshots/4d0c622f_human_intervention.png
  ⏸ PARKED: Cancelled by human or timeout

  Pausa 5s antes del siguiente...

--- Job 2/5 ---
  Senior Backend Engineer, AI Engineering: ChatRemote, United Kingdom @ gitlab
  Score: 68
  ATS: greenhouse
  URL: https://job-boards.greenhouse.io/gitlab/jobs/8621733002
[cv_gen] PDF generado (weasyprint): /home/Helios/.job-hunter/jobs/gitlab-Senior-Backend-Engineer-AI-Engineering-ChatRemote--2026-08-26/gitlab_Senior_Backend_Engineer__AI_Engineering__cv.pdf
  📄 CV adaptado: /home/Helios/.job-hunter/jobs/gitlab-Senior-Backend-Engineer-AI-Engineering-ChatRemote--2026-08-26/gitlab_Senior_Backend_Engineer__AI_Engineering__cv.pdf
[greenhouse] Filling basic fields: ['first_name', 'last_name', 'email', 'phone']
[greenhouse] Filling first_name = Oscar...
[greenhouse] ✓ Filled first_name
[greenhouse] Filling last_name = Alfaro Porras...
[greenhouse] ✓ Filled last_name
[greenhouse] Filling email = goliohs@o7outlet.com...
[greenhouse] ✓ Filled email
[greenhouse] Filling phone = 87833158...
[greenhouse] ✓ Filled phone
[greenhouse] Filling phone country code combobox (+506 Costa Rica)
[greenhouse] Filling question_37205938002 (LinkedIn Profile*...) = https://linkedin.com/in/ozdevops...
[greenhouse] Filling question_37205941002 (It is important to us to create an acces...) = 10+ years building and operating distrib...
[greenhouse] Uploading CV from: /home/Helios/.job-hunter/jobs/gitlab-Senior-Backend-Engineer-AI-Engineering-ChatRemote--2026-08-26/gitlab_Senior_Backend_Engineer__AI_Engineering__cv.pdf
[b14d4b96] HUMAN INTERVENTION REQUIRED: Review application, fill broken fields, solve CAPTCHA, then click Submit
[b14d4b96] Screenshot: /home/Helios/job-hunter/screenshots/b14d4b96_human_intervention.png
