[db] Initialized at /home/Helios/job-hunter/jobs.db
[db] Initialized at /home/Helios/job-hunter/jobs.db

============================================================
  UNIFIED AUTO-APPLY: 5 jobs
  Semi-auto: False
============================================================


--- Job 1/5 ---
  Backend Engineer @ tinybird
  Score: 85
  ATS: lever
  URL: https://jobs.lever.co/tinybird/258beb58-f081-45a3-b30e-81c1359536c5
[cv_gen] PDF generado (weasyprint): /home/Helios/.job-hunter/jobs/tinybird-Backend-Engineer-2026-08-26/tinybird_Backend_Engineer_cv.pdf
  📄 CV adaptado: /home/Helios/.job-hunter/jobs/tinybird-Backend-Engineer-2026-08-26/tinybird_Backend_Engineer_cv.pdf
[dd5abf67] SUBMIT failed: No Lever submit button found
  ❌ FAILED: No Lever submit button found

  Pausa 5s antes del siguiente...

--- Job 2/5 ---
  Site Reliability Engineer @ tinybird
  Score: 85
  ATS: lever
  URL: https://jobs.lever.co/tinybird/87912245-02ab-4c80-83a3-88cde0accc37
[cv_gen] PDF generado (weasyprint): /home/Helios/.job-hunter/jobs/tinybird-Site-Reliability-Engineer-2026-08-26/tinybird_Site_Reliability_Engineer_cv.pdf
  📄 CV adaptado: /home/Helios/.job-hunter/jobs/tinybird-Site-Reliability-Engineer-2026-08-26/tinybird_Site_Reliability_Engineer_cv.pdf
[2b8987a4] SUBMIT failed: No Lever submit button found
  ❌ FAILED: No Lever submit button found

  Pausa 5s antes del siguiente...

--- Job 3/5 ---
  Senior Backend Engineer - ClickStackCanada (remote) @ clickhouse
  Score: 85
  ATS: greenhouse
  URL: https://job-boards.greenhouse.io/clickhouse/jobs/5838220004
[cv_gen] PDF generado (weasyprint): /home/Helios/.job-hunter/jobs/clickhouse-Senior-Backend-Engineer---ClickStackCanada-remote-2026-08-26/clickhouse_Senior_Backend_Engineer_-_ClickStackCana_cv.pdf
  📄 CV adaptado: /home/Helios/.job-hunter/jobs/clickhouse-Senior-Backend-Engineer---ClickStackCanada-remote-2026-08-26/clickhouse_Senior_Backend_Engineer_-_ClickStackCana_cv.pdf
[greenhouse] Filling basic fields: ['first_name', 'last_name', 'email', 'phone']
[greenhouse] Filling first_name = Oscar...
[greenhouse] ✓ Filled first_name
[greenhouse] Filling last_name = Alfaro Porras...
[greenhouse] ✓ Filled last_name
[greenhouse] Filling email = goliohs@o7outlet.com...
[greenhouse] ✓ Filled email
[greenhouse] Filling phone = 87833158...
[greenhouse] ✓ Filled phone
[greenhouse] Filling phone country code combobox (+506 Costa Rica)
[greenhouse] Filling question_15707532004 (LinkedIn Profile or GitHub*...) = https://linkedin.com/in/ozdevops...
[greenhouse] Filling question_15707533004 (What is your current location?*...) = Costa Rica...
[greenhouse] Uploading CV from: /home/Helios/.job-hunter/jobs/clickhouse-Senior-Backend-Engineer---ClickStackCanada-remote-2026-08-26/clickhouse_Senior_Backend_Engineer_-_ClickStackCana_cv.pdf
  ⏸ PARKED: Auto mode: errors or broken fields require human review

  Pausa 5s antes del siguiente...

--- Job 4/5 ---
  Senior Backend Engineer - Infrastructure (ClickPipes)Canada (remote) @ clickhouse
  Score: 85
  ATS: greenhouse
  URL: https://job-boards.greenhouse.io/clickhouse/jobs/5776994004
[cv_gen] PDF generado (weasyprint): /home/Helios/.job-hunter/jobs/clickhouse-Senior-Backend-Engineer---Infrastructure-ClickPipe-2026-08-26/clickhouse_Senior_Backend_Engineer_-_Infrastructure_cv.pdf
  📄 CV adaptado: /home/Helios/.job-hunter/jobs/clickhouse-Senior-Backend-Engineer---Infrastructure-ClickPipe-2026-08-26/clickhouse_Senior_Backend_Engineer_-_Infrastructure_cv.pdf
[greenhouse] Filling basic fields: ['first_name', 'last_name', 'email', 'phone']
[greenhouse] Filling first_name = Oscar...
[greenhouse] ✓ Filled first_name
[greenhouse] Filling last_name = Alfaro Porras...
[greenhouse] ✓ Filled last_name
[greenhouse] Filling email = goliohs@o7outlet.com...
[greenhouse] ✓ Filled email
[greenhouse] Filling phone = 87833158...
[greenhouse] ✓ Filled phone
[greenhouse] Filling phone country code combobox (+506 Costa Rica)
[greenhouse] Filling question_15197324004 (LinkedIn or GitHub Profile*...) = https://linkedin.com/in/ozdevops...
[greenhouse] Uploading CV from: /home/Helios/.job-hunter/jobs/clickhouse-Senior-Backend-Engineer---Infrastructure-ClickPipe-2026-08-26/clickhouse_Senior_Backend_Engineer_-_Infrastructure_cv.pdf
  ⏸ PARKED: Auto mode: errors or broken fields require human review

  Pausa 5s antes del siguiente...

--- Job 5/5 ---
  Senior Cloud Data Infrastructure EngineerNewCanada (Remote) @ clickhouse
  Score: 85
  ATS: greenhouse
  URL: https://job-boards.greenhouse.io/clickhouse/jobs/5778616004
[cv_gen] PDF generado (weasyprint): /home/Helios/.job-hunter/jobs/clickhouse-Senior-Cloud-Data-Infrastructure-EngineerNewCanada-2026-08-26/clickhouse_Senior_Cloud_Data_Infrastructure_Enginee_cv.pdf
  📄 CV adaptado: /home/Helios/.job-hunter/jobs/clickhouse-Senior-Cloud-Data-Infrastructure-EngineerNewCanada-2026-08-26/clickhouse_Senior_Cloud_Data_Infrastructure_Enginee_cv.pdf
[greenhouse] Filling basic fields: ['first_name', 'last_name', 'email', 'phone']
[greenhouse] Filling first_name = Oscar...
[greenhouse] ✓ Filled first_name
[greenhouse] Filling last_name = Alfaro Porras...
[greenhouse] ✓ Filled last_name
[greenhouse] Filling email = goliohs@o7outlet.com...
[greenhouse] ✓ Filled email
[greenhouse] Filling phone = 87833158...
[greenhouse] ✓ Filled phone
[greenhouse] Filling phone country code combobox (+506 Costa Rica)
[greenhouse] Filling question_15210260004 (LinkedIn or GitHub Profile*...) = https://linkedin.com/in/ozdevops...
[greenhouse] Filling question_15210261004 (Website...) = https://services.o7team.us...
[greenhouse] Uploading CV from: /home/Helios/.job-hunter/jobs/clickhouse-Senior-Cloud-Data-Infrastructure-EngineerNewCanada-2026-08-26/clickhouse_Senior_Cloud_Data_Infrastructure_Enginee_cv.pdf
  ⏸ PARKED: Auto mode: errors or broken fields require human review

============================================================
  RESULTADO: 0/5 aplicaciones exitosas
============================================================


============================================================
  ESTADÍSTICAS DATABASE
============================================================
  Total jobs en DB:    328
  Matched (>= 60):     150
  High match (>= 70):  93
  Aplicados:           24
============================================================

