[db] Initialized at /home/Helios/job-hunter/jobs.db

============================================================
  UNIFIED AUTO-APPLY: 1 jobs
  Semi-auto: False
============================================================


--- Job 1/1 ---
  Senior Software Engineer - Reliability, Infrastructure, and Tooling @ LiveKit
  Score: 82
  ATS: ashby
  URL: https://jobs.ashbyhq.com/livekit/1355f64e-b394-4982-8de6-6fd3e6e8f30d
23:43:47 [weasyprint.progress] INFO: Step 2 - Fetching and parsing CSS - CSS string
23:43:47 [weasyprint.progress] INFO: Step 2 - Fetching and parsing CSS - CSS string
23:43:47 [weasyprint.progress] INFO: Step 2 - Fetching and parsing CSS - CSS string
23:43:47 [weasyprint.progress] INFO: Step 1 - Fetching and parsing HTML - HTML string
23:43:47 [weasyprint.progress] INFO: Step 2 - Fetching and parsing CSS - CSS string
23:43:47 [weasyprint.progress] INFO: Step 3 - Applying CSS
23:43:47 [weasyprint.progress] INFO: Step 4 - Creating formatting structure
23:43:47 [weasyprint.progress] INFO: Step 5 - Creating layout - Page 1
23:43:48 [weasyprint.progress] INFO: Step 5 - Creating layout - Page 2
23:43:48 [weasyprint.progress] INFO: Step 5 - Creating layout - Page 3
23:43:48 [weasyprint.progress] INFO: Step 6 - Creating PDF
23:43:48 [weasyprint.progress] INFO: Step 7 - Adding PDF metadata
[cv_gen] PDF generado (weasyprint): /home/Helios/.job-hunter/jobs/LiveKit-Senior-Software-Engineer---Reliability-Infrastruct-2026-08-26/LiveKit_Senior_Software_Engineer_-_Reliability___cv.pdf
  📄 CV adaptado: /home/Helios/.job-hunter/jobs/LiveKit-Senior-Software-Engineer---Reliability-Infrastruct-2026-08-26/LiveKit_Senior_Software_Engineer_-_Reliability___cv.pdf
23:43:48 [auto_apply.unified.orchestrator] INFO: [7b009ba1] Starting application for Senior Software Engineer - Reliability, Infrastructure, and Tooling @ LiveKit
23:43:48 [auto_apply.unified.session] INFO: Using system Chrome: /home/Helios/.local/bin/google-chrome
23:43:49 [auto_apply.unified.session] INFO: Browser session initialized (headless=True)
23:43:49 [auto_apply.unified.orchestrator] INFO: [7b009ba1] ANALYZE: Detecting ATS structure
23:44:04 [auto_apply.unified.orchestrator] INFO: [7b009ba1] ANALYZE complete: {'fields': [], 'ats': 'ashby'}
23:44:04 [auto_apply.unified.orchestrator] INFO: [7b009ba1] NAVIGATE: Going to https://jobs.ashbyhq.com/livekit/1355f64e-b394-4982-8de6-6fd3e6e8f30d
23:44:12 [auto_apply.unified.orchestrator] INFO: [7b009ba1] NAVIGATE complete: https://jobs.ashbyhq.com/livekit/1355f64e-b394-4982-8de6-6fd3e6e8f30d/application
23:44:12 [auto_apply.unified.orchestrator] INFO: [7b009ba1] AUTH: Checking authentication
23:44:12 [auto_apply.unified.orchestrator] INFO: [7b009ba1] No authentication required
23:44:12 [auto_apply.unified.orchestrator] INFO: [7b009ba1] FILL: Filling application form
23:44:15 [auto_apply.unified.fillers_ashby] INFO: Ashby: CV subido (LiveKit_Senior_Software_Engineer_-_Reliability___cv.pdf)
23:44:40 [auto_apply.unified.fillers_ashby] INFO: Ashby: 22 labels detectados
23:44:40 [auto_apply.unified.fillers_ashby] INFO: Ashby: 'Tell us about you and why you're excited' llenado
23:44:40 [auto_apply.unified.fillers_ashby] INFO: Ashby: 'Tell us about a project you're proud of!' llenado
23:44:40 [auto_apply.unified.fillers_ashby] INFO: Ashby: radio 'Are you legally authorized to work in th' -> Yes
23:44:42 [auto_apply.unified.fillers_lever] INFO: Lever: 'Github Link or Linkedin Link' llenado por label (pass2)
23:44:45 [auto_apply.unified.orchestrator] INFO: [7b009ba1] FILL complete: 7 fields, 0 errors, 0 broken
23:44:45 [auto_apply.unified.orchestrator] INFO: [7b009ba1] VALIDATE: Validating form
23:44:45 [auto_apply.unified.orchestrator] INFO: [7b009ba1] VALIDATE complete: 0 errors, 0 broken fields
23:44:45 [auto_apply.unified.orchestrator] INFO: [7b009ba1] REVIEW: Preparing for human review (semi_auto=False)
23:44:46 [auto_apply.unified.orchestrator] INFO: [7b009ba1] Auto-approved (no errors/broken fields)
23:44:46 [auto_apply.unified.orchestrator] INFO: [7b009ba1] SUBMIT: Submitting application
23:44:46 [auto_apply.unified.fillers_ashby] INFO: Ashby: 22 labels detectados
23:44:48 [auto_apply.unified.fillers_ashby] INFO: Ashby: 22 labels detectados
23:44:51 [auto_apply.unified.fillers_ashby] INFO: Ashby: submit clicked
23:45:32 [auto_apply.unified.orchestrator] ERROR: [7b009ba1] SUBMIT failed: No Ashby confirmation detected
23:45:33 [auto_apply.unified.notifications] INFO: Notification sent: ❌ Fallo en ashby
23:45:33 [auto_apply.unified.orchestrator] INFO: [7b009ba1] Page closed externally
  ❌ FAILED: No Ashby confirmation detected

============================================================
  RESULTADO: 0/1 aplicaciones exitosas
============================================================

