[db] Initialized at /home/Helios/job-hunter/jobs.db
[db] Initialized at /home/Helios/job-hunter/jobs.db

============================================================
  UNIFIED AUTO-APPLY: 5 jobs
  Semi-auto: False
============================================================


--- Job 1/5 ---
  Senior Cloud Software Engineer - Efficiency EngineeringUnited States(Remote) @ clickhouse
  Score: 80
  ATS: greenhouse
  URL: https://job-boards.greenhouse.io/clickhouse/jobs/6142784004
[cv_gen] PDF generado (weasyprint): /home/Helios/.job-hunter/jobs/clickhouse-Senior-Cloud-Software-Engineer---Efficiency-Engine-2026-08-26/clickhouse_Senior_Cloud_Software_Engineer_-_Efficie_cv.pdf
  📄 CV adaptado: /home/Helios/.job-hunter/jobs/clickhouse-Senior-Cloud-Software-Engineer---Efficiency-Engine-2026-08-26/clickhouse_Senior_Cloud_Software_Engineer_-_Efficie_cv.pdf
[greenhouse] Filling basic fields: ['first_name', 'last_name', 'email', 'phone']
[greenhouse] Filling first_name = Oscar...
[greenhouse] ✓ Filled first_name
[greenhouse] Filling last_name = Alfaro Porras...
[greenhouse] ✓ Filled last_name
[greenhouse] Filling email = goliohs@o7outlet.com...
[greenhouse] ✓ Filled email
[greenhouse] Filling phone = 87833158...
[greenhouse] ✓ Filled phone
[greenhouse] Filling phone country code combobox (+506 Costa Rica)
[greenhouse] Filling question_19435485004 (LinkedIn Profile...) = https://linkedin.com/in/ozdevops...
[greenhouse] Filling question_19435486004 (Website...) = https://services.o7team.us...
[greenhouse] Filling question_19435487004 (LinkedIn Profile...) = https://linkedin.com/in/ozdevops...
[greenhouse] Uploading CV from: /home/Helios/.job-hunter/jobs/clickhouse-Senior-Cloud-Software-Engineer---Efficiency-Engine-2026-08-26/clickhouse_Senior_Cloud_Software_Engineer_-_Efficie_cv.pdf
[greenhouse] Clicking submit: button:has-text("Submit application")
[greenhouse] Verification screen: True
[greenhouse] Waiting for NEW verification code via Zoho IMAP (since 02:09:24)...
[greenhouse] NEW code received: BPWtK2Y5 - filling...
[greenhouse] OTP pattern detected: 8 single-char inputs
[greenhouse] OTP boxes now: 'BPWtK2Y5'
[greenhouse] ✓ OTP code filled correctly: BPWtK2Y5
[greenhouse] Clicked confirm: button:has-text("Submit")
[greenhouse] Post-confirm URL: https://job-boards.greenhouse.io/clickhouse/jobs/6142784004/confirmation
[greenhouse] Screenshot: /tmp/after_confirm.png
  ✅ SUCCESS: Submitted

  Pausa 5s antes del siguiente...

--- Job 2/5 ---
  Senior Full Stack Engineer - ClickStackUnited States (remote) @ clickhouse
  Score: 80
  ATS: greenhouse
  URL: https://job-boards.greenhouse.io/clickhouse/jobs/5732503004
[cv_gen] PDF generado (weasyprint): /home/Helios/.job-hunter/jobs/clickhouse-Senior-Full-Stack-Engineer---ClickStackUnited-Stat-2026-08-26/clickhouse_Senior_Full_Stack_Engineer_-_ClickStackU_cv.pdf
  📄 CV adaptado: /home/Helios/.job-hunter/jobs/clickhouse-Senior-Full-Stack-Engineer---ClickStackUnited-Stat-2026-08-26/clickhouse_Senior_Full_Stack_Engineer_-_ClickStackU_cv.pdf
[greenhouse] Filling basic fields: ['first_name', 'last_name', 'email', 'phone']
[greenhouse] Filling first_name = Oscar...
[greenhouse] ✓ Filled first_name
[greenhouse] Filling last_name = Alfaro Porras...
[greenhouse] ✓ Filled last_name
[greenhouse] Filling email = goliohs@o7outlet.com...
[greenhouse] ✓ Filled email
[greenhouse] Filling phone = 87833158...
[greenhouse] ✓ Filled phone
[greenhouse] Filling phone country code combobox (+506 Costa Rica)
[greenhouse] Filling question_14825798004 (LinkedIn Profile or GitHub*...) = https://linkedin.com/in/ozdevops...
[greenhouse] Filling question_14825799004 (What is your current location?*...) = Costa Rica...
[greenhouse] Uploading CV from: /home/Helios/.job-hunter/jobs/clickhouse-Senior-Full-Stack-Engineer---ClickStackUnited-Stat-2026-08-26/clickhouse_Senior_Full_Stack_Engineer_-_ClickStackU_cv.pdf
  ⏸ PARKED: Auto mode: errors or broken fields require human review

  Pausa 5s antes del siguiente...

--- Job 3/5 ---
  Senior Full Stack Engineer - ClickStackUnited Kingdom (remote) @ clickhouse
  Score: 80
  ATS: greenhouse
  URL: https://job-boards.greenhouse.io/clickhouse/jobs/5748778004
[cv_gen] PDF generado (weasyprint): /home/Helios/.job-hunter/jobs/clickhouse-Senior-Full-Stack-Engineer---ClickStackUnited-King-2026-08-26/clickhouse_Senior_Full_Stack_Engineer_-_ClickStackU_cv.pdf
  📄 CV adaptado: /home/Helios/.job-hunter/jobs/clickhouse-Senior-Full-Stack-Engineer---ClickStackUnited-King-2026-08-26/clickhouse_Senior_Full_Stack_Engineer_-_ClickStackU_cv.pdf
[greenhouse] Filling basic fields: ['first_name', 'last_name', 'email', 'phone']
[greenhouse] Filling first_name = Oscar...
[greenhouse] ✓ Filled first_name
[greenhouse] Filling last_name = Alfaro Porras...
[greenhouse] ✓ Filled last_name
[greenhouse] Filling email = goliohs@o7outlet.com...
[greenhouse] ✓ Filled email
[greenhouse] Filling phone = 87833158...
[greenhouse] ✓ Filled phone
[greenhouse] Filling phone country code combobox (+506 Costa Rica)
[greenhouse] Filling question_14963644004 (LinkedIn Profile or GitHub...) = https://linkedin.com/in/ozdevops...
[greenhouse] Filling question_14963645004 (What is your current location?*...) = Costa Rica...
[greenhouse] Uploading CV from: /home/Helios/.job-hunter/jobs/clickhouse-Senior-Full-Stack-Engineer---ClickStackUnited-King-2026-08-26/clickhouse_Senior_Full_Stack_Engineer_-_ClickStackU_cv.pdf
  ⏸ PARKED: Auto mode: errors or broken fields require human review

  Pausa 5s antes del siguiente...

--- Job 4/5 ---
  Senior Full Stack Engineer - ClickStackGermany (remote) @ clickhouse
  Score: 80
  ATS: greenhouse
  URL: https://job-boards.greenhouse.io/clickhouse/jobs/5748779004
[cv_gen] PDF generado (weasyprint): /home/Helios/.job-hunter/jobs/clickhouse-Senior-Full-Stack-Engineer---ClickStackGermany-rem-2026-08-26/clickhouse_Senior_Full_Stack_Engineer_-_ClickStackG_cv.pdf
  📄 CV adaptado: /home/Helios/.job-hunter/jobs/clickhouse-Senior-Full-Stack-Engineer---ClickStackGermany-rem-2026-08-26/clickhouse_Senior_Full_Stack_Engineer_-_ClickStackG_cv.pdf
[greenhouse] Filling basic fields: ['first_name', 'last_name', 'email', 'phone']
[greenhouse] Filling first_name = Oscar...
[greenhouse] ✓ Filled first_name
[greenhouse] Filling last_name = Alfaro Porras...
[greenhouse] ✓ Filled last_name
[greenhouse] Filling email = goliohs@o7outlet.com...
[greenhouse] ✓ Filled email
[greenhouse] Filling phone = 87833158...
[greenhouse] ✓ Filled phone
[greenhouse] Filling phone country code combobox (+506 Costa Rica)
[greenhouse] Filling question_14963648004 (LinkedIn Profile or GitHub...) = https://linkedin.com/in/ozdevops...
[greenhouse] Filling question_14963649004 (What is your current location?*...) = Costa Rica...
[greenhouse] Uploading CV from: /home/Helios/.job-hunter/jobs/clickhouse-Senior-Full-Stack-Engineer---ClickStackGermany-rem-2026-08-26/clickhouse_Senior_Full_Stack_Engineer_-_ClickStackG_cv.pdf
  ⏸ PARKED: Auto mode: errors or broken fields require human review

  Pausa 5s antes del siguiente...

--- Job 5/5 ---
  Principal Software Engineer - PostgresIndia (remote) @ clickhouse
  Score: 80
  ATS: greenhouse
  URL: https://job-boards.greenhouse.io/clickhouse/jobs/6001255004
[cv_gen] PDF generado (weasyprint): /home/Helios/.job-hunter/jobs/clickhouse-Principal-Software-Engineer---PostgresIndia-remote-2026-08-26/clickhouse_Principal_Software_Engineer_-_PostgresIn_cv.pdf
  📄 CV adaptado: /home/Helios/.job-hunter/jobs/clickhouse-Principal-Software-Engineer---PostgresIndia-remote-2026-08-26/clickhouse_Principal_Software_Engineer_-_PostgresIn_cv.pdf
[greenhouse] Filling basic fields: ['first_name', 'last_name', 'email', 'phone']
[greenhouse] Filling first_name = Oscar...
[greenhouse] ✓ Filled first_name
[greenhouse] Filling last_name = Alfaro Porras...
[greenhouse] ✓ Filled last_name
[greenhouse] Filling email = goliohs@o7outlet.com...
[greenhouse] ✓ Filled email
[greenhouse] Filling phone = 87833158...
[greenhouse] ✓ Filled phone
[greenhouse] Filling phone country code combobox (+506 Costa Rica)
[greenhouse] Filling question_17865759004 (LinkedIn Profile...) = https://linkedin.com/in/ozdevops...
[greenhouse] Filling question_17865760004 (Github...) = https://github.com/Goliohs...
[greenhouse] Filling question_17865762004 (What is your current location?*...) = Costa Rica...
[greenhouse] Uploading CV from: /home/Helios/.job-hunter/jobs/clickhouse-Principal-Software-Engineer---PostgresIndia-remote-2026-08-26/clickhouse_Principal_Software_Engineer_-_PostgresIn_cv.pdf
  ⏸ PARKED: Auto mode: errors or broken fields require human review

============================================================
  RESULTADO: 1/5 aplicaciones exitosas
============================================================


============================================================
  ESTADÍSTICAS DATABASE
============================================================
  Total jobs en DB:    328
  Matched (>= 60):     150
  High match (>= 70):  93
  Aplicados:           28
============================================================

