[db] Initialized at /home/Helios/job-hunter/jobs.db
[db] Initialized at /home/Helios/job-hunter/jobs.db

============================================================
  UNIFIED AUTO-APPLY: 3 jobs
  Semi-auto: False
============================================================


--- Job 1/3 ---
  Senior Backend Engineer - ClickStackNetherlands (remote) @ clickhouse
  Score: 70
  ATS: greenhouse
  URL: https://job-boards.greenhouse.io/clickhouse/jobs/5838221004
[cv_gen] PDF generado (weasyprint): /home/Helios/.job-hunter/jobs/clickhouse-Senior-Backend-Engineer---ClickStackNetherlands-re-2026-08-26/clickhouse_Senior_Backend_Engineer_-_ClickStackNeth_cv.pdf
  📄 CV adaptado: /home/Helios/.job-hunter/jobs/clickhouse-Senior-Backend-Engineer---ClickStackNetherlands-re-2026-08-26/clickhouse_Senior_Backend_Engineer_-_ClickStackNeth_cv.pdf
[greenhouse] Filling basic fields: ['first_name', 'last_name', 'email', 'phone']
[greenhouse] Filling first_name = Oscar...
[greenhouse] ✓ Filled first_name
[greenhouse] Filling last_name = Alfaro Porras...
[greenhouse] ✓ Filled last_name
[greenhouse] Filling email = goliohs@o7outlet.com...
[greenhouse] ✓ Filled email
[greenhouse] Filling phone = 87833158...
[greenhouse] ✓ Filled phone
[greenhouse] Filling phone country code combobox (+506 Costa Rica)
[greenhouse] Filling question_15707538004 (LinkedIn Profile or GitHub*...) = https://linkedin.com/in/ozdevops...
[greenhouse] Filling question_15707539004 (What is your current location?*...) = Costa Rica...
[greenhouse] Uploading CV from: /home/Helios/.job-hunter/jobs/clickhouse-Senior-Backend-Engineer---ClickStackNetherlands-re-2026-08-26/clickhouse_Senior_Backend_Engineer_-_ClickStackNeth_cv.pdf
  ⏸ PARKED: Auto mode: errors or broken fields require human review

  Pausa 5s antes del siguiente...

--- Job 2/3 ---
  Senior Backend Engineer - ClickStackUnited States (remote) @ clickhouse
  Score: 70
  ATS: greenhouse
  URL: https://job-boards.greenhouse.io/clickhouse/jobs/5838217004
[cv_gen] PDF generado (weasyprint): /home/Helios/.job-hunter/jobs/clickhouse-Senior-Backend-Engineer---ClickStackUnited-States--2026-08-26/clickhouse_Senior_Backend_Engineer_-_ClickStackUnit_cv.pdf
  📄 CV adaptado: /home/Helios/.job-hunter/jobs/clickhouse-Senior-Backend-Engineer---ClickStackUnited-States--2026-08-26/clickhouse_Senior_Backend_Engineer_-_ClickStackUnit_cv.pdf
[greenhouse] Filling basic fields: ['first_name', 'last_name', 'email', 'phone']
[greenhouse] Filling first_name = Oscar...
[greenhouse] ✓ Filled first_name
[greenhouse] Filling last_name = Alfaro Porras...
[greenhouse] ✓ Filled last_name
[greenhouse] Filling email = goliohs@o7outlet.com...
[greenhouse] ✓ Filled email
[greenhouse] Filling phone = 87833158...
[greenhouse] ✓ Filled phone
[greenhouse] Filling phone country code combobox (+506 Costa Rica)
[greenhouse] Filling question_15707514004 (LinkedIn Profile or GitHub*...) = https://linkedin.com/in/ozdevops...
[greenhouse] Filling question_15707515004 (What is your current location?*...) = Costa Rica...
[greenhouse] Uploading CV from: /home/Helios/.job-hunter/jobs/clickhouse-Senior-Backend-Engineer---ClickStackUnited-States--2026-08-26/clickhouse_Senior_Backend_Engineer_-_ClickStackUnit_cv.pdf
  ⏸ PARKED: Auto mode: errors or broken fields require human review

  Pausa 5s antes del siguiente...

--- Job 3/3 ---
  Senior Backend Engineer - ClickStackUnited Kingdom (remote) @ clickhouse
  Score: 70
  ATS: greenhouse
  URL: https://job-boards.greenhouse.io/clickhouse/jobs/5838218004
[cv_gen] PDF generado (weasyprint): /home/Helios/.job-hunter/jobs/clickhouse-Senior-Backend-Engineer---ClickStackUnited-Kingdom-2026-08-26/clickhouse_Senior_Backend_Engineer_-_ClickStackUnit_cv.pdf
  📄 CV adaptado: /home/Helios/.job-hunter/jobs/clickhouse-Senior-Backend-Engineer---ClickStackUnited-Kingdom-2026-08-26/clickhouse_Senior_Backend_Engineer_-_ClickStackUnit_cv.pdf
[greenhouse] Filling basic fields: ['first_name', 'last_name', 'email', 'phone']
[greenhouse] Filling first_name = Oscar...
[greenhouse] ✓ Filled first_name
[greenhouse] Filling last_name = Alfaro Porras...
[greenhouse] ✓ Filled last_name
[greenhouse] Filling email = goliohs@o7outlet.com...
[greenhouse] ✓ Filled email
[greenhouse] Filling phone = 87833158...
[greenhouse] ✓ Filled phone
[greenhouse] Filling phone country code combobox (+506 Costa Rica)
[greenhouse] Filling question_15707520004 (LinkedIn Profile or GitHub*...) = https://linkedin.com/in/ozdevops...
[greenhouse] Filling question_15707521004 (What is your current location?*...) = Costa Rica...
[greenhouse] Uploading CV from: /home/Helios/.job-hunter/jobs/clickhouse-Senior-Backend-Engineer---ClickStackUnited-Kingdom-2026-08-26/clickhouse_Senior_Backend_Engineer_-_ClickStackUnit_cv.pdf
  ⏸ PARKED: Auto mode: errors or broken fields require human review

============================================================
  RESULTADO: 0/3 aplicaciones exitosas
============================================================


============================================================
  ESTADÍSTICAS DATABASE
============================================================
  Total jobs en DB:    328
  Matched (>= 60):     150
  High match (>= 70):  93
  Aplicados:           30
============================================================

