[db] Initialized at /home/Helios/job-hunter/jobs.db
[db] Initialized at /home/Helios/job-hunter/jobs.db

============================================================
  UNIFIED AUTO-APPLY: 5 jobs
  Semi-auto: False
============================================================


--- Job 1/5 ---
  Senior Cloud Software Engineer - Efficiency EngineeringCanada(Remote) @ clickhouse
  Score: 85
  ATS: greenhouse
  URL: https://job-boards.greenhouse.io/clickhouse/jobs/6142785004
[cv_gen] PDF generado (weasyprint): /home/Helios/.job-hunter/jobs/clickhouse-Senior-Cloud-Software-Engineer---Efficiency-Engine-2026-08-26/clickhouse_Senior_Cloud_Software_Engineer_-_Efficie_cv.pdf
  📄 CV adaptado: /home/Helios/.job-hunter/jobs/clickhouse-Senior-Cloud-Software-Engineer---Efficiency-Engine-2026-08-26/clickhouse_Senior_Cloud_Software_Engineer_-_Efficie_cv.pdf
[greenhouse] Filling basic fields: ['first_name', 'last_name', 'email', 'phone']
[greenhouse] Filling first_name = Oscar...
[greenhouse] ✓ Filled first_name
[greenhouse] Filling last_name = Alfaro Porras...
[greenhouse] ✓ Filled last_name
[greenhouse] Filling email = goliohs@o7outlet.com...
[greenhouse] ✓ Filled email
[greenhouse] Filling phone = 87833158...
[greenhouse] ✓ Filled phone
[greenhouse] Filling phone country code combobox (+506 Costa Rica)
[greenhouse] Filling question_19435489004 (LinkedIn Profile...) = https://linkedin.com/in/ozdevops...
[greenhouse] Filling question_19435490004 (Website...) = https://services.o7team.us...
[greenhouse] Filling question_19435491004 (LinkedIn Profile...) = https://linkedin.com/in/ozdevops...
[greenhouse] Uploading CV from: /home/Helios/.job-hunter/jobs/clickhouse-Senior-Cloud-Software-Engineer---Efficiency-Engine-2026-08-26/clickhouse_Senior_Cloud_Software_Engineer_-_Efficie_cv.pdf
[greenhouse] Clicking submit: button:has-text("Submit application")
[greenhouse] Verification screen: True
[greenhouse] Waiting for NEW verification code via Zoho IMAP (since 01:46:31)...
[greenhouse] NEW code received: ABLXUwzz - filling...
[greenhouse] OTP pattern detected: 8 single-char inputs
[greenhouse] OTP boxes now: 'ABLXUwzz'
[greenhouse] ✓ OTP code filled correctly: ABLXUwzz
[greenhouse] Clicked confirm: button:has-text("Submit")
[greenhouse] Post-confirm URL: https://job-boards.greenhouse.io/clickhouse/jobs/6142785004/confirmation
[greenhouse] Screenshot: /tmp/after_confirm.png
  ✅ SUCCESS: Submitted

  Pausa 5s antes del siguiente...

--- Job 2/5 ---
  Cloud Software Engineer - Observability PlatformNewCanada (remote) @ clickhouse
  Score: 85
  ATS: greenhouse
  URL: https://job-boards.greenhouse.io/clickhouse/jobs/6130195004
[cv_gen] PDF generado (weasyprint): /home/Helios/.job-hunter/jobs/clickhouse-Cloud-Software-Engineer---Observability-PlatformNe-2026-08-26/clickhouse_Cloud_Software_Engineer_-_Observability__cv.pdf
  📄 CV adaptado: /home/Helios/.job-hunter/jobs/clickhouse-Cloud-Software-Engineer---Observability-PlatformNe-2026-08-26/clickhouse_Cloud_Software_Engineer_-_Observability__cv.pdf
[greenhouse] Filling basic fields: ['first_name', 'last_name', 'email', 'phone']
[greenhouse] Filling first_name = Oscar...
[greenhouse] ✓ Filled first_name
[greenhouse] Filling last_name = Alfaro Porras...
[greenhouse] ✓ Filled last_name
[greenhouse] Filling email = goliohs@o7outlet.com...
[greenhouse] ✓ Filled email
[greenhouse] Filling phone = 87833158...
[greenhouse] ✓ Filled phone
[greenhouse] Filling phone country code combobox (+506 Costa Rica)
[greenhouse] Filling question_19332184004 (LinkedIn Profile...) = https://linkedin.com/in/ozdevops...
[greenhouse] Filling question_19332185004 (GitHub or Website...) = https://github.com/Goliohs...
[greenhouse] Uploading CV from: /home/Helios/.job-hunter/jobs/clickhouse-Cloud-Software-Engineer---Observability-PlatformNe-2026-08-26/clickhouse_Cloud_Software_Engineer_-_Observability__cv.pdf
  ⏸ PARKED: Auto mode: errors or broken fields require human review

  Pausa 5s antes del siguiente...

--- Job 3/5 ---
  Senior Delivery Consultant- West CoastSan Francisco, CA; Austin, TX; Remote - US @ airtable
  Score: 85
  ATS: greenhouse
  URL: https://job-boards.greenhouse.io/airtable/jobs/8597950002
[cv_gen] PDF generado (weasyprint): /home/Helios/.job-hunter/jobs/airtable-Senior-Delivery-Consultant--West-CoastSan-Francisc-2026-08-26/airtable_Senior_Delivery_Consultant-_West_CoastSa_cv.pdf
  📄 CV adaptado: /home/Helios/.job-hunter/jobs/airtable-Senior-Delivery-Consultant--West-CoastSan-Francisc-2026-08-26/airtable_Senior_Delivery_Consultant-_West_CoastSa_cv.pdf
[greenhouse] Filling basic fields: ['first_name', 'last_name', 'email', 'phone']
[greenhouse] Filling first_name = Oscar...
[greenhouse] ✓ Filled first_name
[greenhouse] Filling last_name = Alfaro Porras...
[greenhouse] ✓ Filled last_name
[greenhouse] Filling email = goliohs@o7outlet.com...
[greenhouse] ✓ Filled email
[greenhouse] Filling phone = 87833158...
[greenhouse] ✓ Filled phone
[greenhouse] Filling phone country code combobox (+506 Costa Rica)
[greenhouse] Filling question_37005055002 (LinkedIn Profile...) = https://linkedin.com/in/ozdevops...
[greenhouse] Filling question_37005057002 (Website...) = https://services.o7team.us...
[greenhouse] Uploading CV from: /home/Helios/.job-hunter/jobs/airtable-Senior-Delivery-Consultant--West-CoastSan-Francisc-2026-08-26/airtable_Senior_Delivery_Consultant-_West_CoastSa_cv.pdf
  ⏸ PARKED: Auto mode: errors or broken fields require human review

  Pausa 5s antes del siguiente...

--- Job 4/5 ---
  Senior Partner Solutions ArchitectLondon, England UK, Remote - US @ airtable
  Score: 85
  ATS: greenhouse
  URL: https://job-boards.greenhouse.io/airtable/jobs/8461582002
[cv_gen] PDF generado (weasyprint): /home/Helios/.job-hunter/jobs/airtable-Senior-Partner-Solutions-ArchitectLondon-England-U-2026-08-26/airtable_Senior_Partner_Solutions_ArchitectLondon_cv.pdf
  📄 CV adaptado: /home/Helios/.job-hunter/jobs/airtable-Senior-Partner-Solutions-ArchitectLondon-England-U-2026-08-26/airtable_Senior_Partner_Solutions_ArchitectLondon_cv.pdf
[2d73e912] NAVIGATE failed: Navigation failed - could not reach application form
  ❌ FAILED: Navigate failed: Navigation failed - could not reach application form

  Pausa 5s antes del siguiente...

--- Job 5/5 ---
  Senior Solutions Architect- West CoastRemote-US @ airtable
  Score: 85
  ATS: greenhouse
  URL: https://job-boards.greenhouse.io/airtable/jobs/8597941002
[cv_gen] PDF generado (weasyprint): /home/Helios/.job-hunter/jobs/airtable-Senior-Solutions-Architect--West-CoastRemote-US-2026-08-26/airtable_Senior_Solutions_Architect-_West_CoastRe_cv.pdf
  📄 CV adaptado: /home/Helios/.job-hunter/jobs/airtable-Senior-Solutions-Architect--West-CoastRemote-US-2026-08-26/airtable_Senior_Solutions_Architect-_West_CoastRe_cv.pdf
[greenhouse] Filling basic fields: ['first_name', 'last_name', 'email', 'phone']
[greenhouse] Filling first_name = Oscar...
[greenhouse] ✓ Filled first_name
[greenhouse] Filling last_name = Alfaro Porras...
[greenhouse] ✓ Filled last_name
[greenhouse] Filling email = goliohs@o7outlet.com...
[greenhouse] ✓ Filled email
[greenhouse] Filling phone = 87833158...
[greenhouse] ✓ Filled phone
[greenhouse] Filling phone country code combobox (+506 Costa Rica)
[greenhouse] Filling question_37004969002 (LinkedIn Profile...) = https://linkedin.com/in/ozdevops...
[greenhouse] Filling question_37004971002 (Website...) = https://services.o7team.us...
[greenhouse] Uploading CV from: /home/Helios/.job-hunter/jobs/airtable-Senior-Solutions-Architect--West-CoastRemote-US-2026-08-26/airtable_Senior_Solutions_Architect-_West_CoastRe_cv.pdf
  ⏸ PARKED: Auto mode: errors or broken fields require human review

============================================================
  RESULTADO: 1/5 aplicaciones exitosas
============================================================


============================================================
  ESTADÍSTICAS DATABASE
============================================================
  Total jobs en DB:    328
  Matched (>= 60):     150
  High match (>= 70):  93
  Aplicados:           24
============================================================

