[db] Initialized at /home/Helios/job-hunter/jobs.db

============================================================
  UNIFIED AUTO-APPLY: 1 jobs
  Semi-auto: False
============================================================


--- Job 1/1 ---
  Senior Software Engineer - Reliability, Infrastructure, and Tooling @ LiveKit
  Score: 82
  ATS: ashby
  URL: https://jobs.ashbyhq.com/livekit/1355f64e-b394-4982-8de6-6fd3e6e8f30d
23:35:25 [weasyprint.progress] INFO: Step 2 - Fetching and parsing CSS - CSS string
23:35:25 [weasyprint.progress] INFO: Step 2 - Fetching and parsing CSS - CSS string
23:35:25 [weasyprint.progress] INFO: Step 2 - Fetching and parsing CSS - CSS string
23:35:25 [weasyprint.progress] INFO: Step 1 - Fetching and parsing HTML - HTML string
23:35:25 [weasyprint.progress] INFO: Step 2 - Fetching and parsing CSS - CSS string
23:35:25 [weasyprint.progress] INFO: Step 3 - Applying CSS
23:35:25 [weasyprint.progress] INFO: Step 4 - Creating formatting structure
23:35:25 [weasyprint.progress] INFO: Step 5 - Creating layout - Page 1
23:35:25 [weasyprint.progress] INFO: Step 5 - Creating layout - Page 2
23:35:25 [weasyprint.progress] INFO: Step 5 - Creating layout - Page 3
23:35:25 [weasyprint.progress] INFO: Step 6 - Creating PDF
23:35:25 [weasyprint.progress] INFO: Step 7 - Adding PDF metadata
[cv_gen] PDF generado (weasyprint): /home/Helios/.job-hunter/jobs/LiveKit-Senior-Software-Engineer---Reliability-Infrastruct-2026-08-26/LiveKit_Senior_Software_Engineer_-_Reliability___cv.pdf
  📄 CV adaptado: /home/Helios/.job-hunter/jobs/LiveKit-Senior-Software-Engineer---Reliability-Infrastruct-2026-08-26/LiveKit_Senior_Software_Engineer_-_Reliability___cv.pdf
23:35:25 [auto_apply.unified.orchestrator] INFO: [099899f6] Starting application for Senior Software Engineer - Reliability, Infrastructure, and Tooling @ LiveKit
23:35:26 [auto_apply.unified.session] INFO: Using system Chrome: /home/Helios/.local/bin/google-chrome
23:35:26 [auto_apply.unified.session] INFO: Browser session initialized (headless=True)
23:35:26 [auto_apply.unified.orchestrator] INFO: [099899f6] ANALYZE: Detecting ATS structure
23:35:41 [auto_apply.unified.orchestrator] INFO: [099899f6] ANALYZE complete: {'fields': [], 'ats': 'ashby'}
23:35:41 [auto_apply.unified.orchestrator] INFO: [099899f6] NAVIGATE: Going to https://jobs.ashbyhq.com/livekit/1355f64e-b394-4982-8de6-6fd3e6e8f30d
23:35:49 [auto_apply.unified.orchestrator] INFO: [099899f6] NAVIGATE complete: https://jobs.ashbyhq.com/livekit/1355f64e-b394-4982-8de6-6fd3e6e8f30d/application
23:35:49 [auto_apply.unified.orchestrator] INFO: [099899f6] AUTH: Checking authentication
23:35:49 [auto_apply.unified.orchestrator] INFO: [099899f6] No authentication required
23:35:49 [auto_apply.unified.orchestrator] INFO: [099899f6] FILL: Filling application form
23:35:52 [auto_apply.unified.fillers_ashby] INFO: Ashby: CV subido (LiveKit_Senior_Software_Engineer_-_Reliability___cv.pdf)
23:36:17 [auto_apply.unified.fillers_ashby] INFO: Ashby: 22 labels detectados
23:36:17 [auto_apply.unified.fillers_ashby] INFO: Ashby: 'Tell us about you and why you're excited' llenado
23:36:17 [auto_apply.unified.fillers_ashby] INFO: Ashby: 'Tell us about a project you're proud of!' llenado
23:36:17 [auto_apply.unified.fillers_ashby] WARNING: Ashby radio error: TypeError: 'async_generator' object is not iterable
23:36:17 [auto_apply.unified.fillers_lever] INFO: Lever: 'Github Link or Linkedin Link' llenado por label (pass2)
23:36:21 [auto_apply.unified.orchestrator] INFO: [099899f6] FILL complete: 6 fields, 0 errors, 0 broken
23:36:21 [auto_apply.unified.orchestrator] INFO: [099899f6] VALIDATE: Validating form
23:36:21 [auto_apply.unified.orchestrator] INFO: [099899f6] VALIDATE complete: 0 errors, 0 broken fields
23:36:21 [auto_apply.unified.orchestrator] INFO: [099899f6] REVIEW: Preparing for human review (semi_auto=False)
23:36:21 [auto_apply.unified.orchestrator] INFO: [099899f6] Auto-approved (no errors/broken fields)
23:36:21 [auto_apply.unified.orchestrator] INFO: [099899f6] SUBMIT: Submitting application
23:36:21 [auto_apply.unified.fillers_ashby] INFO: Ashby: 22 labels detectados
23:36:22 [auto_apply.unified.fillers_ashby] WARNING: Ashby radio error: TypeError: 'async_generator' object is not iterable
23:36:24 [auto_apply.unified.fillers_ashby] INFO: Ashby: 22 labels detectados
23:36:24 [auto_apply.unified.fillers_ashby] WARNING: Ashby radio error: TypeError: 'async_generator' object is not iterable
23:36:27 [auto_apply.unified.fillers_ashby] INFO: Ashby: submit clicked
23:37:08 [auto_apply.unified.orchestrator] ERROR: [099899f6] SUBMIT failed: No Ashby confirmation detected
23:37:09 [auto_apply.unified.notifications] INFO: Notification sent: ❌ Fallo en ashby
23:37:09 [auto_apply.unified.orchestrator] INFO: [099899f6] Page closed externally
  ❌ FAILED: No Ashby confirmation detected

============================================================
  RESULTADO: 0/1 aplicaciones exitosas
============================================================

