[db] Initialized at /home/Helios/job-hunter/jobs.db

============================================================
  UNIFIED AUTO-APPLY: 1 jobs
  Semi-auto: False
============================================================


--- Job 1/1 ---
  Senior Software Engineer - Reliability, Infrastructure, and Tooling @ LiveKit
  Score: 82
  ATS: ashby
  URL: https://jobs.ashbyhq.com/livekit/1355f64e-b394-4982-8de6-6fd3e6e8f30d
00:09:07 [weasyprint.progress] INFO: Step 2 - Fetching and parsing CSS - CSS string
00:09:07 [weasyprint.progress] INFO: Step 2 - Fetching and parsing CSS - CSS string
00:09:07 [weasyprint.progress] INFO: Step 2 - Fetching and parsing CSS - CSS string
00:09:08 [weasyprint.progress] INFO: Step 1 - Fetching and parsing HTML - HTML string
00:09:08 [weasyprint.progress] INFO: Step 2 - Fetching and parsing CSS - CSS string
00:09:08 [weasyprint.progress] INFO: Step 3 - Applying CSS
00:09:08 [weasyprint.progress] INFO: Step 4 - Creating formatting structure
00:09:08 [weasyprint.progress] INFO: Step 5 - Creating layout - Page 1
00:09:08 [weasyprint.progress] INFO: Step 5 - Creating layout - Page 2
00:09:08 [weasyprint.progress] INFO: Step 5 - Creating layout - Page 3
00:09:08 [weasyprint.progress] INFO: Step 6 - Creating PDF
00:09:08 [weasyprint.progress] INFO: Step 7 - Adding PDF metadata
[cv_gen] PDF generado (weasyprint): /home/Helios/.job-hunter/jobs/LiveKit-Senior-Software-Engineer---Reliability-Infrastruct-2026-08-27/LiveKit_Senior_Software_Engineer_-_Reliability___cv.pdf
  📄 CV adaptado: /home/Helios/.job-hunter/jobs/LiveKit-Senior-Software-Engineer---Reliability-Infrastruct-2026-08-27/LiveKit_Senior_Software_Engineer_-_Reliability___cv.pdf
00:09:08 [auto_apply.unified.orchestrator] INFO: [984fd388] Starting application for Senior Software Engineer - Reliability, Infrastructure, and Tooling @ LiveKit
00:09:08 [auto_apply.unified.session] INFO: Using system Chrome: /home/Helios/.local/bin/google-chrome
00:09:09 [auto_apply.unified.session] INFO: Browser session initialized (headless=True)
00:09:09 [auto_apply.unified.orchestrator] INFO: [984fd388] ANALYZE: Detecting ATS structure
00:09:24 [auto_apply.unified.orchestrator] INFO: [984fd388] ANALYZE complete: {'fields': [], 'ats': 'ashby'}
00:09:24 [auto_apply.unified.orchestrator] INFO: [984fd388] NAVIGATE: Going to https://jobs.ashbyhq.com/livekit/1355f64e-b394-4982-8de6-6fd3e6e8f30d
00:09:32 [auto_apply.unified.orchestrator] INFO: [984fd388] NAVIGATE complete: https://jobs.ashbyhq.com/livekit/1355f64e-b394-4982-8de6-6fd3e6e8f30d/application
00:09:32 [auto_apply.unified.orchestrator] INFO: [984fd388] AUTH: Checking authentication
00:09:32 [auto_apply.unified.orchestrator] INFO: [984fd388] No authentication required
00:09:32 [auto_apply.unified.orchestrator] INFO: [984fd388] FILL: Filling application form
00:09:35 [auto_apply.unified.fillers_ashby] INFO: Ashby: CV subido (LiveKit_Senior_Software_Engineer_-_Reliability___cv.pdf)
00:10:00 [auto_apply.unified.fillers_ashby] INFO: Ashby: 22 labels detectados
00:10:00 [auto_apply.unified.fillers_ashby] INFO: Ashby: 'Tell us about you and why you're excited' llenado
00:10:00 [auto_apply.unified.fillers_ashby] INFO: Ashby: 'Tell us about a project you're proud of!' llenado
00:10:01 [auto_apply.unified.fillers_ashby] INFO: Ashby: radio 'Are you legally authorized to work in th' -> Yes
00:10:01 [auto_apply.unified.fillers_ashby] INFO: Ashby: radio 'Would you now or in the future require s' -> No
00:10:02 [auto_apply.unified.fillers_lever] INFO: Lever: 'Github Link or Linkedin Link' llenado por label (pass2)
00:10:05 [auto_apply.unified.orchestrator] INFO: [984fd388] FILL complete: 8 fields, 0 errors, 0 broken
00:10:05 [auto_apply.unified.orchestrator] INFO: [984fd388] VALIDATE: Validating form
00:10:05 [auto_apply.unified.orchestrator] INFO: [984fd388] VALIDATE complete: 0 errors, 0 broken fields
00:10:05 [auto_apply.unified.orchestrator] INFO: [984fd388] REVIEW: Preparing for human review (semi_auto=False)
00:10:06 [auto_apply.unified.orchestrator] INFO: [984fd388] Auto-approved (no errors/broken fields)
00:10:06 [auto_apply.unified.orchestrator] INFO: [984fd388] SUBMIT: Submitting application
00:10:06 [auto_apply.unified.fillers_ashby] INFO: Ashby: 22 labels detectados
00:10:08 [auto_apply.unified.fillers_ashby] INFO: Ashby: 22 labels detectados
00:10:11 [auto_apply.unified.fillers_ashby] INFO: Ashby: submit clicked
00:10:53 [auto_apply.unified.orchestrator] ERROR: [984fd388] SUBMIT failed: No Ashby confirmation detected
00:10:53 [auto_apply.unified.notifications] INFO: Notification sent: ❌ Fallo en ashby
00:10:53 [auto_apply.unified.orchestrator] INFO: [984fd388] Page closed externally
  ❌ FAILED: No Ashby confirmation detected

============================================================
  RESULTADO: 0/1 aplicaciones exitosas
============================================================

