[db] Initialized at /home/Helios/job-hunter/jobs.db
[db] Initialized at /home/Helios/job-hunter/jobs.db

============================================================
  UNIFIED AUTO-APPLY: 5 jobs
  Semi-auto: False
============================================================


--- Job 1/5 ---
  Senior Cloud Data Infrastructure EngineerNewGermany (remote) @ clickhouse
  Score: 85
  ATS: greenhouse
  URL: https://job-boards.greenhouse.io/clickhouse/jobs/5778615004
[cv_gen] PDF generado (weasyprint): /home/Helios/.job-hunter/jobs/clickhouse-Senior-Cloud-Data-Infrastructure-EngineerNewGerman-2026-08-26/clickhouse_Senior_Cloud_Data_Infrastructure_Enginee_cv.pdf
  📄 CV adaptado: /home/Helios/.job-hunter/jobs/clickhouse-Senior-Cloud-Data-Infrastructure-EngineerNewGerman-2026-08-26/clickhouse_Senior_Cloud_Data_Infrastructure_Enginee_cv.pdf
[greenhouse] Filling basic fields: ['first_name', 'last_name', 'email', 'phone']
[greenhouse] Filling first_name = Oscar...
[greenhouse] ✓ Filled first_name
[greenhouse] Filling last_name = Alfaro Porras...
[greenhouse] ✓ Filled last_name
[greenhouse] Filling email = goliohs@o7outlet.com...
[greenhouse] ✓ Filled email
[greenhouse] Filling phone = 87833158...
[greenhouse] ✓ Filled phone
[greenhouse] Filling phone country code combobox (+506 Costa Rica)
[greenhouse] Filling question_15210254004 (LinkedIn or GitHub Profile*...) = https://linkedin.com/in/ozdevops...
[greenhouse] Filling question_15210255004 (What is your current location?*...) = Costa Rica...
[greenhouse] Filling question_15210259004 (If Yes, describe your experience with a ...) = 10+ years building and operating distrib...
[greenhouse] Uploading CV from: /home/Helios/.job-hunter/jobs/clickhouse-Senior-Cloud-Data-Infrastructure-EngineerNewGerman-2026-08-26/clickhouse_Senior_Cloud_Data_Infrastructure_Enginee_cv.pdf
  ⏸ PARKED: Auto mode: errors or broken fields require human review

  Pausa 5s antes del siguiente...

--- Job 2/5 ---
  Senior Cloud Engineer - Product MetricsCanada (remote) @ clickhouse
  Score: 85
  ATS: greenhouse
  URL: https://job-boards.greenhouse.io/clickhouse/jobs/6101326004
[cv_gen] PDF generado (weasyprint): /home/Helios/.job-hunter/jobs/clickhouse-Senior-Cloud-Engineer---Product-MetricsCanada-remo-2026-08-26/clickhouse_Senior_Cloud_Engineer_-_Product_MetricsC_cv.pdf
  📄 CV adaptado: /home/Helios/.job-hunter/jobs/clickhouse-Senior-Cloud-Engineer---Product-MetricsCanada-remo-2026-08-26/clickhouse_Senior_Cloud_Engineer_-_Product_MetricsC_cv.pdf
[greenhouse] Filling basic fields: ['first_name', 'last_name', 'email', 'phone']
[greenhouse] Filling first_name = Oscar...
[greenhouse] ✓ Filled first_name
[greenhouse] Filling last_name = Alfaro Porras...
[greenhouse] ✓ Filled last_name
[greenhouse] Filling email = goliohs@o7outlet.com...
[greenhouse] ✓ Filled email
[greenhouse] Filling phone = 87833158...
[greenhouse] ✓ Filled phone
[greenhouse] Filling phone country code combobox (+506 Costa Rica)
[greenhouse] Filling question_19089641004 (LinkedIn Profile...) = https://linkedin.com/in/ozdevops...
[greenhouse] Filling question_19089642004 (GitHub or Website...) = https://github.com/Goliohs...
[greenhouse] Uploading CV from: /home/Helios/.job-hunter/jobs/clickhouse-Senior-Cloud-Engineer---Product-MetricsCanada-remo-2026-08-26/clickhouse_Senior_Cloud_Engineer_-_Product_MetricsC_cv.pdf
[greenhouse] Clicking submit: button:has-text("Submit application")
[greenhouse] Verification screen: True
[greenhouse] Waiting for NEW verification code via Zoho IMAP (since 02:00:38)...
[greenhouse] NEW code received: ssteID3k - filling...
[greenhouse] OTP pattern detected: 8 single-char inputs
[greenhouse] OTP boxes now: 'ssteID3k'
[greenhouse] ✓ OTP code filled correctly: ssteID3k
[greenhouse] Clicked confirm: button:has-text("Submit")
[greenhouse] Post-confirm URL: https://job-boards.greenhouse.io/clickhouse/jobs/6101326004/confirmation
[greenhouse] Screenshot: /tmp/after_confirm.png
  ✅ SUCCESS: Submitted

  Pausa 5s antes del siguiente...

--- Job 3/5 ---
  Senior Cloud Engineer - Product MetricsEurope (remote) @ clickhouse
  Score: 85
  ATS: greenhouse
  URL: https://job-boards.greenhouse.io/clickhouse/jobs/6107163004
[cv_gen] PDF generado (weasyprint): /home/Helios/.job-hunter/jobs/clickhouse-Senior-Cloud-Engineer---Product-MetricsEurope-remo-2026-08-26/clickhouse_Senior_Cloud_Engineer_-_Product_MetricsE_cv.pdf
  📄 CV adaptado: /home/Helios/.job-hunter/jobs/clickhouse-Senior-Cloud-Engineer---Product-MetricsEurope-remo-2026-08-26/clickhouse_Senior_Cloud_Engineer_-_Product_MetricsE_cv.pdf
[greenhouse] Filling basic fields: ['first_name', 'last_name', 'email', 'phone']
[greenhouse] Filling first_name = Oscar...
[greenhouse] ✓ Filled first_name
[greenhouse] Filling last_name = Alfaro Porras...
[greenhouse] ✓ Filled last_name
[greenhouse] Filling email = goliohs@o7outlet.com...
[greenhouse] ✓ Filled email
[greenhouse] Filling phone = 87833158...
[greenhouse] ✓ Filled phone
[greenhouse] Filling phone country code combobox (+506 Costa Rica)
[greenhouse] Filling question_19134576004 (LinkedIn Profile...) = https://linkedin.com/in/ozdevops...
[greenhouse] Filling question_19134577004 (GitHub or Website...) = https://github.com/Goliohs...
[greenhouse] Uploading CV from: /home/Helios/.job-hunter/jobs/clickhouse-Senior-Cloud-Engineer---Product-MetricsEurope-remo-2026-08-26/clickhouse_Senior_Cloud_Engineer_-_Product_MetricsE_cv.pdf
[greenhouse] Clicking submit: button:has-text("Submit application")
[greenhouse] Verification screen: True
[greenhouse] Waiting for NEW verification code via Zoho IMAP (since 02:01:41)...
[greenhouse] NEW code received: ssteID3k - filling...
[greenhouse] OTP pattern detected: 8 single-char inputs
[greenhouse] OTP boxes now: 'ssteID3k'
[greenhouse] ✓ OTP code filled correctly: ssteID3k
[greenhouse] Clicked confirm: button:has-text("Submit")
[greenhouse] Post-confirm URL: https://job-boards.greenhouse.io/clickhouse/jobs/6107163004
[greenhouse] Screenshot: /tmp/after_confirm.png
[27ff6c57] SUBMIT failed: No success signal detected
  ❌ FAILED: No success signal detected

  Pausa 5s antes del siguiente...

--- Job 4/5 ---
  Senior Cloud Performance EngineerSingapore (remote) @ clickhouse
  Score: 85
  ATS: greenhouse
  URL: https://job-boards.greenhouse.io/clickhouse/jobs/5768077004
[cv_gen] PDF generado (weasyprint): /home/Helios/.job-hunter/jobs/clickhouse-Senior-Cloud-Performance-EngineerSingapore-remote-2026-08-26/clickhouse_Senior_Cloud_Performance_EngineerSingapo_cv.pdf
  📄 CV adaptado: /home/Helios/.job-hunter/jobs/clickhouse-Senior-Cloud-Performance-EngineerSingapore-remote-2026-08-26/clickhouse_Senior_Cloud_Performance_EngineerSingapo_cv.pdf
[greenhouse] Filling basic fields: ['first_name', 'last_name', 'email', 'phone']
[greenhouse] Filling first_name = Oscar...
[greenhouse] ✓ Filled first_name
[greenhouse] Filling last_name = Alfaro Porras...
[greenhouse] ✓ Filled last_name
[greenhouse] Filling email = goliohs@o7outlet.com...
[greenhouse] ✓ Filled email
[greenhouse] Filling phone = 87833158...
[greenhouse] ✓ Filled phone
[greenhouse] Filling phone country code combobox (+506 Costa Rica)
[greenhouse] Filling question_15133156004 (LinkedIn or GitHub Profile*...) = https://linkedin.com/in/ozdevops...
[greenhouse] Filling question_15133159004 (Please describe in a few words your expe...) = 10+ years building and operating distrib...
[greenhouse] Uploading CV from: /home/Helios/.job-hunter/jobs/clickhouse-Senior-Cloud-Performance-EngineerSingapore-remote-2026-08-26/clickhouse_Senior_Cloud_Performance_EngineerSingapo_cv.pdf
  ⏸ PARKED: Auto mode: errors or broken fields require human review

  Pausa 5s antes del siguiente...

--- Job 5/5 ---
  Senior Cloud Performance EngineerUnited Kingdom (remote) @ clickhouse
  Score: 85
  ATS: greenhouse
  URL: https://job-boards.greenhouse.io/clickhouse/jobs/5768078004
[cv_gen] PDF generado (weasyprint): /home/Helios/.job-hunter/jobs/clickhouse-Senior-Cloud-Performance-EngineerUnited-Kingdom-re-2026-08-26/clickhouse_Senior_Cloud_Performance_EngineerUnited__cv.pdf
  📄 CV adaptado: /home/Helios/.job-hunter/jobs/clickhouse-Senior-Cloud-Performance-EngineerUnited-Kingdom-re-2026-08-26/clickhouse_Senior_Cloud_Performance_EngineerUnited__cv.pdf
[greenhouse] Filling basic fields: ['first_name', 'last_name', 'email', 'phone']
[greenhouse] Filling first_name = Oscar...
[greenhouse] ✓ Filled first_name
[greenhouse] Filling last_name = Alfaro Porras...
[greenhouse] ✓ Filled last_name
[greenhouse] Filling email = goliohs@o7outlet.com...
[greenhouse] ✓ Filled email
[greenhouse] Filling phone = 87833158...
[greenhouse] ✓ Filled phone
[greenhouse] Filling phone country code combobox (+506 Costa Rica)
[greenhouse] Filling question_15133161004 (LinkedIn Profile...) = https://linkedin.com/in/ozdevops...
[greenhouse] Filling question_15133162004 (Website...) = https://services.o7team.us...
[greenhouse] Uploading CV from: /home/Helios/.job-hunter/jobs/clickhouse-Senior-Cloud-Performance-EngineerUnited-Kingdom-re-2026-08-26/clickhouse_Senior_Cloud_Performance_EngineerUnited__cv.pdf
[greenhouse] Clicking submit: button:has-text("Submit application")
[greenhouse] Verification screen: True
[greenhouse] Waiting for NEW verification code via Zoho IMAP (since 02:03:03)...
[greenhouse] NEW code received: HIPSuahL - filling...
[greenhouse] OTP pattern detected: 8 single-char inputs
[greenhouse] OTP boxes now: 'HIPSuahL'
[greenhouse] ✓ OTP code filled correctly: HIPSuahL
[greenhouse] Clicked confirm: button:has-text("Submit")
[greenhouse] Post-confirm URL: https://job-boards.greenhouse.io/clickhouse/jobs/5768078004/confirmation
[greenhouse] Screenshot: /tmp/after_confirm.png
  ✅ SUCCESS: Submitted

============================================================
  RESULTADO: 2/5 aplicaciones exitosas
============================================================


============================================================
  ESTADÍSTICAS DATABASE
============================================================
  Total jobs en DB:    328
  Matched (>= 60):     150
  High match (>= 70):  93
  Aplicados:           26
============================================================

