[db] Initialized at /home/Helios/job-hunter/jobs.db

============================================================
  UNIFIED AUTO-APPLY: 5 jobs
  Semi-auto: False
============================================================


--- Job 1/5 ---
  Senior Backend Engineer, AI Engineering: ChatRemote, United Kingdom @ gitlab
  Score: 68
  ATS: greenhouse
  URL: https://job-boards.greenhouse.io/gitlab/jobs/8621733002
[cv_gen] PDF generado (weasyprint): /home/Helios/.job-hunter/jobs/gitlab-Senior-Backend-Engineer-AI-Engineering-ChatRemote--2026-08-26/gitlab_Senior_Backend_Engineer__AI_Engineering__cv.pdf
  📄 CV adaptado: /home/Helios/.job-hunter/jobs/gitlab-Senior-Backend-Engineer-AI-Engineering-ChatRemote--2026-08-26/gitlab_Senior_Backend_Engineer__AI_Engineering__cv.pdf
[greenhouse] Filling basic fields: ['first_name', 'last_name', 'email', 'phone']
[greenhouse] Filling first_name = Oscar...
[greenhouse] ✓ Filled first_name
[greenhouse] Filling last_name = Alfaro Porras...
[greenhouse] ✓ Filled last_name
[greenhouse] Filling email = goliohs@o7outlet.com...
[greenhouse] ✓ Filled email
[greenhouse] Filling phone = 87833158...
[greenhouse] ✓ Filled phone
[greenhouse] Filling phone country code combobox (+506 Costa Rica)
[greenhouse] Filling question_37205938002 (LinkedIn Profile*...) = https://linkedin.com/in/ozdevops...
[greenhouse] Filling question_37205941002 (It is important to us to create an acces...) = 10+ years building and operating distrib...
[greenhouse] Uploading CV from: /home/Helios/.job-hunter/jobs/gitlab-Senior-Backend-Engineer-AI-Engineering-ChatRemote--2026-08-26/gitlab_Senior_Backend_Engineer__AI_Engineering__cv.pdf
  ⏸ PARKED: Auto mode: errors or broken fields require human review

  Pausa 5s antes del siguiente...

--- Job 2/5 ---
  Backend Engineer (Ruby), AI Engineering: Agent ObservabilityRemote, Canada @ gitlab
  Score: 62
  ATS: greenhouse
  URL: https://job-boards.greenhouse.io/gitlab/jobs/8620720002
[cv_gen] PDF generado (weasyprint): /home/Helios/.job-hunter/jobs/gitlab-Backend-Engineer-Ruby-AI-Engineering-Agent-Observa-2026-08-26/gitlab_Backend_Engineer__Ruby___AI_Engineering__cv.pdf
  📄 CV adaptado: /home/Helios/.job-hunter/jobs/gitlab-Backend-Engineer-Ruby-AI-Engineering-Agent-Observa-2026-08-26/gitlab_Backend_Engineer__Ruby___AI_Engineering__cv.pdf
[greenhouse] Filling basic fields: ['first_name', 'last_name', 'email', 'phone']
[greenhouse] Filling first_name = Oscar...
[greenhouse] ✓ Filled first_name
[greenhouse] Filling last_name = Alfaro Porras...
[greenhouse] ✓ Filled last_name
[greenhouse] Filling email = goliohs@o7outlet.com...
[greenhouse] ✓ Filled email
[greenhouse] Filling phone = 87833158...
[greenhouse] ✓ Filled phone
[greenhouse] Filling phone country code combobox (+506 Costa Rica)
[greenhouse] Filling question_37197588002 (LinkedIn Profile...) = https://linkedin.com/in/ozdevops...
[greenhouse] Filling question_37197592002 (It is important to us to create an acces...) = 10+ years building and operating distrib...
[greenhouse] Uploading CV from: /home/Helios/.job-hunter/jobs/gitlab-Backend-Engineer-Ruby-AI-Engineering-Agent-Observa-2026-08-26/gitlab_Backend_Engineer__Ruby___AI_Engineering__cv.pdf
  ⏸ PARKED: Auto mode: errors or broken fields require human review

  Pausa 5s antes del siguiente...

--- Job 3/5 ---
  Senior Backend Engineer (Ruby), AI Engineering: AI CodingRemote, United Kingdom @ gitlab
  Score: 62
  ATS: greenhouse
  URL: https://job-boards.greenhouse.io/gitlab/jobs/8621620002
[cv_gen] PDF generado (weasyprint): /home/Helios/.job-hunter/jobs/gitlab-Senior-Backend-Engineer-Ruby-AI-Engineering-AI-Cod-2026-08-26/gitlab_Senior_Backend_Engineer__Ruby___AI_Engin_cv.pdf
  📄 CV adaptado: /home/Helios/.job-hunter/jobs/gitlab-Senior-Backend-Engineer-Ruby-AI-Engineering-AI-Cod-2026-08-26/gitlab_Senior_Backend_Engineer__Ruby___AI_Engin_cv.pdf
[greenhouse] Filling basic fields: ['first_name', 'last_name', 'email', 'phone']
[greenhouse] Filling first_name = Oscar...
[greenhouse] ✓ Filled first_name
[greenhouse] Filling last_name = Alfaro Porras...
[greenhouse] ✓ Filled last_name
[greenhouse] Filling email = goliohs@o7outlet.com...
[greenhouse] ✓ Filled email
[greenhouse] Filling phone = 87833158...
[greenhouse] ✓ Filled phone
[greenhouse] Filling phone country code combobox (+506 Costa Rica)
[greenhouse] Filling question_37204925002 (LinkedIn Profile...) = https://linkedin.com/in/ozdevops...
[greenhouse] Filling question_37204928002 (It is important to us to create an acces...) = 10+ years building and operating distrib...
[greenhouse] Uploading CV from: /home/Helios/.job-hunter/jobs/gitlab-Senior-Backend-Engineer-Ruby-AI-Engineering-AI-Cod-2026-08-26/gitlab_Senior_Backend_Engineer__Ruby___AI_Engin_cv.pdf
  ⏸ PARKED: Auto mode: errors or broken fields require human review

  Pausa 5s antes del siguiente...

--- Job 4/5 ---
  Senior Backend Engineer (Ruby), AI Engineering: Duo Agent Platform ToolsRemote, Canada; Remote, United Kingdom @ gitlab
  Score: 62
  ATS: greenhouse
  URL: https://job-boards.greenhouse.io/gitlab/jobs/8603839002
[cv_gen] PDF generado (weasyprint): /home/Helios/.job-hunter/jobs/gitlab-Senior-Backend-Engineer-Ruby-AI-Engineering-Duo-Ag-2026-08-26/gitlab_Senior_Backend_Engineer__Ruby___AI_Engin_cv.pdf
  📄 CV adaptado: /home/Helios/.job-hunter/jobs/gitlab-Senior-Backend-Engineer-Ruby-AI-Engineering-Duo-Ag-2026-08-26/gitlab_Senior_Backend_Engineer__Ruby___AI_Engin_cv.pdf
[606d2098] NAVIGATE failed: Navigation failed - could not reach application form
  ❌ FAILED: Navigate failed: Navigation failed - could not reach application form

  Pausa 5s antes del siguiente...

--- Job 5/5 ---
  Full Stack Software Engineer - Billing TeamNetherlands (remote) @ clickhouse
  Score: 60
  ATS: greenhouse
  URL: https://job-boards.greenhouse.io/clickhouse/jobs/5395374004
[cv_gen] PDF generado (weasyprint): /home/Helios/.job-hunter/jobs/clickhouse-Full-Stack-Software-Engineer---Billing-TeamNetherl-2026-08-26/clickhouse_Full_Stack_Software_Engineer_-_Billing_T_cv.pdf
  📄 CV adaptado: /home/Helios/.job-hunter/jobs/clickhouse-Full-Stack-Software-Engineer---Billing-TeamNetherl-2026-08-26/clickhouse_Full_Stack_Software_Engineer_-_Billing_T_cv.pdf
[e53742c0] NAVIGATE failed: Navigation failed - could not reach application form
  ❌ FAILED: Navigate failed: Navigation failed - could not reach application form

============================================================
  RESULTADO: 0/5 aplicaciones exitosas
============================================================

