  [1] Data Scientist for Top Cosmetic firm               -> 58
  [2] Communications Manager, Policy & Public Affairs    -> 8
  [3] Head of Field and Partner Marketing                -> 8
  [4] Credit Risk Analyst, North American Underwriter    -> 8
[nim] HTTP 429, retry en 10s...
  [5] Business Operations Senior Associate, Institutiona -> 22
  [6] Program Manager, Professional Services - West      -> 28
  [7] Credit Risk Analyst Commercial Underwriter, West C -> 8
  [8] Program Manager, Professional Services - East      -> 25
  [9] Retirement Implementation Specialist               -> 5
  [10] Director, Product Design                           -> 20
  [11] Analytics Engineer, GFCO Analytics                 -> 25
  [12] Enterprise Application AI Architect                -> 58
  HIGH 80: Backend Engineer, Core Technology @ Stripe
  [13] Backend Engineer, Core Technology                  -> 80
  [14] Senior Cloud Performance EngineerAustralia (remote -> 55
[nim] HTTP 429, retry en 10s...
  [15] Senior Cloud Performance EngineerAmsterdam (remote -> 68
  [16] Account Manager- DCRemote (USA)                    -> 15
  [17] Account Manager - New YorkRemote (USA - New York C -> 15
[nim] HTTP 429, retry en 10s...
  [18] Account Manager (US)Remote (USA)                   -> 15
[nim] HTTP 429, retry en 10s...
  [19] Senior Principal Customer Success ManagerRemote (U -> 15
[nim] HTTP 429, retry en 10s...
  [20] Strategic Customer Success ManagerRemote (Singapor -> 22
[nim] HTTP 429, retry en 10s...
  [21] Backend Engineer (Ruby), AI Engineering: Agent Obs -> 62
[nim] HTTP 429, retry en 10s...
[nim] HTTP 429, retry en 20s...
  [22] Engineering Manager, AI Engineering: ChatRemote, A -> 52
[nim] HTTP 429, retry en 10s...
[nim] HTTP 429, retry en 20s...
[nim] HTTP error 429: {"status":429,"title":"Too Many Requests"}
  [23] Senior Backend Engineer, AI Engineering: ChatRemot -> ERR
[nim] HTTP 429, retry en 10s...
[nim] HTTP 429, retry en 20s...
[nim] HTTP error 429: {"status":429,"title":"Too Many Requests"}
  [24] Senior Backend Engineer (Ruby), AI Engineering: AI -> ERR
[nim] HTTP 429, retry en 10s...
[nim] HTTP 429, retry en 20s...
[nim] HTTP error 429: {"status":429,"title":"Too Many Requests"}
  [25] Senior Backend Engineer (Ruby), AI Engineering: Du -> ERR
[nim] HTTP 429, retry en 10s...
[nim] HTTP 429, retry en 20s...
[nim] HTTP error 429: {"status":429,"title":"Too Many Requests"}
  [26] Senior Backend Engineer, AI Engineering: ChatRemot -> ERR
[nim] HTTP 429, retry en 10s...
[nim] HTTP 429, retry en 20s...
[nim] HTTP error 429: {"status":429,"title":"Too Many Requests"}
  [27] Senior Backend Engineer (Ruby), AI Engineering: AI -> ERR
[nim] HTTP 429, retry en 10s...
[nim] HTTP 429, retry en 20s...
[nim] HTTP error 429: {"status":429,"title":"Too Many Requests"}
  [28] Senior Backend Engineer (Ruby), AI Engineering: Du -> ERR
[nim] HTTP 429, retry en 10s...
[nim] HTTP 429, retry en 20s...
[nim] HTTP error 429: {"status":429,"title":"Too Many Requests"}
  [29] Delivery ConsultantNewNew York, NY; Remote - US    -> ERR
[nim] HTTP 429, retry en 10s...
[nim] HTTP 429, retry en 20s...
[nim] HTTP error 429: {"status":429,"title":"Too Many Requests"}
  [30] Director, AI Transformation & Customer SuccessRemo -> ERR
[nim] HTTP 429, retry en 10s...
[nim] HTTP 429, retry en 20s...
[nim] HTTP error 429: {"status":429,"title":"Too Many Requests"}
  [31] Senior Backend Engineer, AI Engineering: ChatRemot -> ERR
[nim] HTTP 429, retry en 10s...
[nim] HTTP 429, retry en 20s...
[nim] HTTP error 429: {"status":429,"title":"Too Many Requests"}
  [32] Senior Backend Engineer (Ruby), AI Engineering: AI -> ERR
[nim] HTTP 429, retry en 10s...
[nim] HTTP 429, retry en 20s...
[nim] HTTP error 429: {"status":429,"title":"Too Many Requests"}
  [33] Senior Backend Engineer (Ruby), AI Engineering: Du -> ERR
[nim] HTTP 429, retry en 10s...
[nim] HTTP 429, retry en 20s...
[nim] HTTP error 429: {"status":429,"title":"Too Many Requests"}
  [34] Delivery ConsultantNewNew York, NY; Remote - US    -> ERR
[nim] HTTP 429, retry en 10s...
[nim] HTTP 429, retry en 20s...
[nim] HTTP error 429: {"status":429,"title":"Too Many Requests"}
  [35] Director, AI Transformation & Customer SuccessRemo -> ERR
[nim] HTTP 429, retry en 10s...
[nim] HTTP 429, retry en 20s...
[nim] HTTP error 429: {"status":429,"title":"Too Many Requests"}
  [36] Senior Backend Engineer, AI Engineering: ChatRemot -> ERR
[nim] HTTP 429, retry en 10s...
[nim] HTTP 429, retry en 20s...
[nim] HTTP error 429: {"status":429,"title":"Too Many Requests"}
  [37] Senior Backend Engineer (Ruby), AI Engineering: AI -> ERR
[nim] HTTP 429, retry en 10s...
[nim] HTTP 429, retry en 20s...
