[nim] HTTP 429, retry en 5s...
[nim] HTTP 429, retry en 10s...
[nim] HTTP 429, retry en 15s...
[nim] HTTP 429, retry en 20s...
[nim] HTTP error 429: {"status":429,"title":"Too Many Requests"}
  [1] Communications Manager, Policy & Public Affairs    -> ERR
[nim] HTTP 429, retry en 5s...
[nim] HTTP 429, retry en 10s...
[nim] HTTP 429, retry en 15s...
[nim] HTTP 429, retry en 20s...
[nim] HTTP error 429: {"status":429,"title":"Too Many Requests"}
  [2] Head of Field and Partner Marketing                -> ERR
[nim] HTTP 429, retry en 5s...
[nim] HTTP 429, retry en 10s...
[nim] HTTP 429, retry en 15s...
[nim] HTTP 429, retry en 20s...
[nim] HTTP error 429: {"status":429,"title":"Too Many Requests"}
  [3] Credit Risk Analyst, North American Underwriter    -> ERR
[nim] HTTP 429, retry en 5s...
[nim] HTTP 429, retry en 10s...
[nim] HTTP 429, retry en 15s...
[nim] HTTP 429, retry en 20s...
[nim] HTTP error 429: {"status":429,"title":"Too Many Requests"}
  [4] Business Operations Senior Associate, Institutiona -> ERR
[nim] HTTP 429, retry en 5s...
[nim] HTTP 429, retry en 10s...
[nim] HTTP 429, retry en 15s...
[nim] HTTP 429, retry en 20s...
[nim] HTTP error 429: {"status":429,"title":"Too Many Requests"}
  [5] Program Manager, Professional Services - West      -> ERR
[nim] HTTP 429, retry en 5s...
