[nim] HTTP error 502: {"type":"about:blank","title":"Bad Gateway","status":502,"detail":"Upstream request failed."}

  [1] Senior Staff Software Engineer, Finance Automation -> ERR
  HIGH 95: AI Engineer @ GitLab
  [2] AI Engineer                                        -> 95
  [3] Senior Software Engineer, Fraud                    -> 0
  [4] Ads Conversion Modeling, Machine Learning Engineer -> 0
[nim] JSON parse error: Expecting value: line 1 column 1 (char 0)
[nim] Raw output: 我们根据要求分析职位。职位是远程的，但提到"remote-first, but not remote-only"和"quarterly surges"（需要面对面），这可能是dealbreaker？但dealbreaker列表中有"office"、"on-site"等，但"surges"是季度性的，可能不算完全远程？但要求是"REMOTE / WORLDWIDE / ANYWHERE only"，且不能有"must be in"等。职位说"Remote - USA"，但描述说"Headquarters: Remote - USA"，可能要求在美国？但候选人是全球的，但职位可能限美国？但描述没有
  [5] Senior Software Engineer, Data Layer               -> ERR
[nim] JSON parse error: Expecting value: line 1 column 1 (char 0)
[nim] Raw output: 我们根据规则评估。职位是远程，但要求在美国？描述说"Remote - USA"，且"remote-first, but not remote-only"，有"surges"（季度面对面）。这触发dealbreaker？"must be in"？没有明确说必须在美国，但"Remote - USA"暗示仅限美国。另外"surges"是面对面会议，但不算"onsite"？但"expect to get together quarterly"可能算"office"？但dealbreaker列表有"office"、"on-site"等。这里没有明确说"onsite"或"hybrid"，但"remote-
  [6] Senior Staff Software Engineer, Finance Automation -> ERR
[nim] JSON parse error: Expecting value: line 1 column 1 (char 0)
[nim] Raw output: 我们根据规则分析。职位是远程，但描述中提到"remote-first, but not remote-only"和"Expect to get together quarterly for intense in-person working sessions called 'surges'." 这暗示需要定期线下聚会，可能被视为"hybrid"或"on-site"？但明确说"Remote"作为地点。不过"surges"是季度性的，可能不算dealbreaker？但候选人是完全远程，不能有任何线下要求。所以"surges"可能触发"on-site"或"hybrid"？但描述中没有明确说"hybr
  [7] Senior Software Engineer, Data Layer               -> ERR
  HIGH 85: Cloud Software Engineer - Observability PlatformNewCanada (r @ clickhouse
  [8] Cloud Software Engineer - Observability PlatformNe -> 85
  HIGH 75: Cloud Software Engineer - Observability PlatformNewUnited St @ clickhouse
  [9] Cloud Software Engineer - Observability PlatformNe -> 75
  [10] Creative Director                                  -> 0
[nim] JSON parse error: Expecting value: line 1 column 1 (char 0)
[nim] Raw output: 我们根据规则评估。职位是远程，但要求"Remote - USA"，且"remote-first, but not remote-only"，有"surges"（季度面对面工作）。这涉及"office"或"on-site"？但描述中没有明确说"onsite"或"hybrid"，但"surges"是面对面会议，可能被视为"on-site"？但规则中dealbreaker包括"on-site"、"on site"、"office"等。这里没有直接出现这些词，但"in-person working sessions"可能隐含。另外"Remote - USA"意味着必须在美国，但候选人要求"WORLDW
  [11] Senior Staff Software Engineer, Finance Automation -> ERR
