  [1] Senior Solutions Architect                         -> 38
  [2] Senior Solutions Architect- West Coast             -> 35
  [3] Staff Software Engineer,  AI Developer Tools       -> 0
[nim] HTTP error 429: {"status":429,"title":"Too Many Requests"}
  [4] Communications Manager, Policy & Public Affairs    -> ERR
[nim] HTTP error 429: {"status":429,"title":"Too Many Requests"}
  [5] Head of Field and Partner Marketing                -> ERR
[nim] HTTP error 429: {"status":429,"title":"Too Many Requests"}
  [6] Communications Manager, Policy & Public Affairs    -> ERR
[nim] HTTP error 429: {"status":429,"title":"Too Many Requests"}
  [7] Head of Field and Partner Marketing                -> ERR
[nim] HTTP error 429: {"status":429,"title":"Too Many Requests"}
  [8] Credit Risk Analyst, North American Underwriter    -> ERR
[nim] HTTP error 429: {"status":429,"title":"Too Many Requests"}
  [9] Business Operations Senior Associate, Institutiona -> ERR
[nim] HTTP error 429: {"status":429,"title":"Too Many Requests"}
  [10] Program Manager, Professional Services - West      -> ERR
[nim] HTTP error 429: {"status":429,"title":"Too Many Requests"}
  [11] Communications Manager, Policy & Public Affairs    -> ERR
[nim] HTTP error 429: {"status":429,"title":"Too Many Requests"}
  [12] Head of Field and Partner Marketing                -> ERR
[nim] HTTP error 429: {"status":429,"title":"Too Many Requests"}
  [13] Credit Risk Analyst, North American Underwriter    -> ERR
[nim] HTTP error 429: {"status":429,"title":"Too Many Requests"}
  [14] Business Operations Senior Associate, Institutiona -> ERR
[nim] HTTP error 429: {"status":429,"title":"Too Many Requests"}
  [15] Program Manager, Professional Services - West      -> ERR
[nim] HTTP error 429: {"status":429,"title":"Too Many Requests"}
  [16] Communications Manager, Policy & Public Affairs    -> ERR
[nim] HTTP error 429: {"status":429,"title":"Too Many Requests"}
  [17] Head of Field and Partner Marketing                -> ERR
[nim] HTTP error 429: {"status":429,"title":"Too Many Requests"}
  [18] Credit Risk Analyst, North American Underwriter    -> ERR
[nim] HTTP error 429: {"status":429,"title":"Too Many Requests"}
  [19] Business Operations Senior Associate, Institutiona -> ERR
[nim] HTTP error 429: {"status":429,"title":"Too Many Requests"}
  [20] Program Manager, Professional Services - West      -> ERR
[nim] HTTP error 429: {"status":429,"title":"Too Many Requests"}
  [21] Communications Manager, Policy & Public Affairs    -> ERR
[nim] HTTP error 429: {"status":429,"title":"Too Many Requests"}
  [22] Head of Field and Partner Marketing                -> ERR
[nim] HTTP error 429: {"status":429,"title":"Too Many Requests"}
  [23] Credit Risk Analyst, North American Underwriter    -> ERR
[nim] HTTP error 429: {"status":429,"title":"Too Many Requests"}
  [24] Business Operations Senior Associate, Institutiona -> ERR
[nim] HTTP error 429: {"status":429,"title":"Too Many Requests"}
  [25] Program Manager, Professional Services - West      -> ERR
[nim] HTTP error 429: {"status":429,"title":"Too Many Requests"}
  [26] Communications Manager, Policy & Public Affairs    -> ERR
[nim] HTTP error 429: {"status":429,"title":"Too Many Requests"}
  [27] Head of Field and Partner Marketing                -> ERR
[nim] HTTP error 429: {"status":429,"title":"Too Many Requests"}
  [28] Credit Risk Analyst, North American Underwriter    -> ERR
[nim] HTTP error 429: {"status":429,"title":"Too Many Requests"}
  [29] Business Operations Senior Associate, Institutiona -> ERR
[nim] HTTP error 429: {"status":429,"title":"Too Many Requests"}
  [30] Program Manager, Professional Services - West      -> ERR
[nim] HTTP error 429: {"status":429,"title":"Too Many Requests"}
  [31] Communications Manager, Policy & Public Affairs    -> ERR
[nim] HTTP error 429: {"status":429,"title":"Too Many Requests"}
  [32] Head of Field and Partner Marketing                -> ERR
[nim] HTTP error 429: {"status":429,"title":"Too Many Requests"}
  [33] Credit Risk Analyst, North American Underwriter    -> ERR
[nim] HTTP error 429: {"status":429,"title":"Too Many Requests"}
  [34] Business Operations Senior Associate, Institutiona -> ERR
[nim] HTTP error 429: {"status":429,"title":"Too Many Requests"}
  [35] Program Manager, Professional Services - West      -> ERR
[nim] HTTP error 429: {"status":429,"title":"Too Many Requests"}
  [36] Communications Manager, Policy & Public Affairs    -> ERR
[nim] HTTP error 429: {"status":429,"title":"Too Many Requests"}
  [37] Head of Field and Partner Marketing                -> ERR
[nim] HTTP error 429: {"status":429,"title":"Too Many Requests"}
  [38] Credit Risk Analyst, North American Underwriter    -> ERR
[nim] HTTP error 429: {"status":429,"title":"Too Many Requests"}
  [39] Business Operations Senior Associate, Institutiona -> ERR
[nim] HTTP error 429: {"status":429,"title":"Too Many Requests"}
  [40] Program Manager, Professional Services - West      -> ERR
[nim] HTTP error 429: {"status":429,"title":"Too Many Requests"}
  [41] Communications Manager, Policy & Public Affairs    -> ERR
[nim] HTTP error 429: {"status":429,"title":"Too Many Requests"}
  [42] Head of Field and Partner Marketing                -> ERR
[nim] HTTP error 429: {"status":429,"title":"Too Many Requests"}
  [43] Credit Risk Analyst, North American Underwriter    -> ERR
[nim] HTTP error 429: {"status":429,"title":"Too Many Requests"}
  [44] Business Operations Senior Associate, Institutiona -> ERR
[nim] HTTP error 429: {"status":429,"title":"Too Many Requests"}
  [45] Program Manager, Professional Services - West      -> ERR
[nim] HTTP error 429: {"status":429,"title":"Too Many Requests"}
  [46] Communications Manager, Policy & Public Affairs    -> ERR
[nim] HTTP error 429: {"status":429,"title":"Too Many Requests"}
  [47] Head of Field and Partner Marketing                -> ERR
[nim] HTTP error 429: {"status":429,"title":"Too Many Requests"}
  [48] Credit Risk Analyst, North American Underwriter    -> ERR
[nim] HTTP error 429: {"status":429,"title":"Too Many Requests"}
  [49] Business Operations Senior Associate, Institutiona -> ERR
[nim] HTTP error 429: {"status":429,"title":"Too Many Requests"}
  [50] Program Manager, Professional Services - West      -> ERR
[nim] HTTP error 429: {"status":429,"title":"Too Many Requests"}
  [51] Communications Manager, Policy & Public Affairs    -> ERR
[nim] HTTP error 429: {"status":429,"title":"Too Many Requests"}
  [52] Head of Field and Partner Marketing                -> ERR
[nim] HTTP error 429: {"status":429,"title":"Too Many Requests"}
  [53] Credit Risk Analyst, North American Underwriter    -> ERR
[nim] HTTP error 429: {"status":429,"title":"Too Many Requests"}
  [54] Business Operations Senior Associate, Institutiona -> ERR
[nim] HTTP error 429: {"status":429,"title":"Too Many Requests"}
  [55] Program Manager, Professional Services - West      -> ERR
[nim] HTTP error 429: {"status":429,"title":"Too Many Requests"}
  [56] Communications Manager, Policy & Public Affairs    -> ERR
[nim] HTTP error 429: {"status":429,"title":"Too Many Requests"}
  [57] Head of Field and Partner Marketing                -> ERR
[nim] HTTP error 429: {"status":429,"title":"Too Many Requests"}
  [58] Credit Risk Analyst, North American Underwriter    -> ERR
[nim] HTTP error 429: {"status":429,"title":"Too Many Requests"}
  [59] Business Operations Senior Associate, Institutiona -> ERR
[nim] HTTP error 429: {"status":429,"title":"Too Many Requests"}
  [60] Program Manager, Professional Services - West      -> ERR
[nim] HTTP error 429: {"status":429,"title":"Too Many Requests"}
  [61] Communications Manager, Policy & Public Affairs    -> ERR
[nim] HTTP error 429: {"status":429,"title":"Too Many Requests"}
  [62] Head of Field and Partner Marketing                -> ERR
[nim] HTTP error 429: {"status":429,"title":"Too Many Requests"}
  [63] Credit Risk Analyst, North American Underwriter    -> ERR
[nim] HTTP error 429: {"status":429,"title":"Too Many Requests"}
  [64] Business Operations Senior Associate, Institutiona -> ERR
[nim] HTTP error 429: {"status":429,"title":"Too Many Requests"}
  [65] Program Manager, Professional Services - West      -> ERR
[nim] HTTP error 429: {"status":429,"title":"Too Many Requests"}
  [66] Communications Manager, Policy & Public Affairs    -> ERR
[nim] HTTP error 429: {"status":429,"title":"Too Many Requests"}
  [67] Head of Field and Partner Marketing                -> ERR
[nim] HTTP error 429: {"status":429,"title":"Too Many Requests"}
  [68] Credit Risk Analyst, North American Underwriter    -> ERR
[nim] HTTP error 429: {"status":429,"title":"Too Many Requests"}
  [69] Business Operations Senior Associate, Institutiona -> ERR
[nim] HTTP error 429: {"status":429,"title":"Too Many Requests"}
  [70] Program Manager, Professional Services - West      -> ERR
[nim] HTTP error 429: {"status":429,"title":"Too Many Requests"}
  [71] Communications Manager, Policy & Public Affairs    -> ERR
[nim] HTTP error 429: {"status":429,"title":"Too Many Requests"}
  [72] Head of Field and Partner Marketing                -> ERR
[nim] HTTP error 429: {"status":429,"title":"Too Many Requests"}
  [73] Credit Risk Analyst, North American Underwriter    -> ERR
[nim] HTTP error 429: {"status":429,"title":"Too Many Requests"}
  [74] Business Operations Senior Associate, Institutiona -> ERR
[nim] HTTP error 429: {"status":429,"title":"Too Many Requests"}
  [75] Program Manager, Professional Services - West      -> ERR
[nim] HTTP error 429: {"status":429,"title":"Too Many Requests"}
  [76] Communications Manager, Policy & Public Affairs    -> ERR
[nim] HTTP error 429: {"status":429,"title":"Too Many Requests"}
  [77] Head of Field and Partner Marketing                -> ERR
[nim] HTTP error 429: {"status":429,"title":"Too Many Requests"}
  [78] Credit Risk Analyst, North American Underwriter    -> ERR
[nim] HTTP error 429: {"status":429,"title":"Too Many Requests"}
  [79] Business Operations Senior Associate, Institutiona -> ERR
[nim] HTTP error 429: {"status":429,"title":"Too Many Requests"}
  [80] Program Manager, Professional Services - West      -> ERR
[nim] HTTP error 429: {"status":429,"title":"Too Many Requests"}
  [81] Communications Manager, Policy & Public Affairs    -> ERR
[nim] HTTP error 429: {"status":429,"title":"Too Many Requests"}
  [82] Head of Field and Partner Marketing                -> ERR
[nim] HTTP error 429: {"status":429,"title":"Too Many Requests"}
  [83] Credit Risk Analyst, North American Underwriter    -> ERR
[nim] HTTP error 429: {"status":429,"title":"Too Many Requests"}
  [84] Business Operations Senior Associate, Institutiona -> ERR
[nim] HTTP error 429: {"status":429,"title":"Too Many Requests"}
  [85] Program Manager, Professional Services - West      -> ERR
[nim] HTTP error 429: {"status":429,"title":"Too Many Requests"}
  [86] Communications Manager, Policy & Public Affairs    -> ERR
[nim] HTTP error 429: {"status":429,"title":"Too Many Requests"}
  [87] Head of Field and Partner Marketing                -> ERR
[nim] HTTP error 429: {"status":429,"title":"Too Many Requests"}
  [88] Credit Risk Analyst, North American Underwriter    -> ERR
[nim] HTTP error 429: {"status":429,"title":"Too Many Requests"}
  [89] Business Operations Senior Associate, Institutiona -> ERR
[nim] HTTP error 429: {"status":429,"title":"Too Many Requests"}
  [90] Program Manager, Professional Services - West      -> ERR
[nim] HTTP error 429: {"status":429,"title":"Too Many Requests"}
  [91] Communications Manager, Policy & Public Affairs    -> ERR
[nim] HTTP error 429: {"status":429,"title":"Too Many Requests"}
  [92] Head of Field and Partner Marketing                -> ERR
[nim] HTTP error 429: {"status":429,"title":"Too Many Requests"}
  [93] Credit Risk Analyst, North American Underwriter    -> ERR
[nim] HTTP error 429: {"status":429,"title":"Too Many Requests"}
  [94] Business Operations Senior Associate, Institutiona -> ERR
[nim] HTTP error 429: {"status":429,"title":"Too Many Requests"}
  [95] Program Manager, Professional Services - West      -> ERR
[nim] HTTP error 429: {"status":429,"title":"Too Many Requests"}
  [96] Communications Manager, Policy & Public Affairs    -> ERR
[nim] HTTP error 429: {"status":429,"title":"Too Many Requests"}
  [97] Head of Field and Partner Marketing                -> ERR
[nim] HTTP error 429: {"status":429,"title":"Too Many Requests"}
  [98] Credit Risk Analyst, North American Underwriter    -> ERR
[nim] HTTP error 429: {"status":429,"title":"Too Many Requests"}
  [99] Business Operations Senior Associate, Institutiona -> ERR
[nim] HTTP error 429: {"status":429,"title":"Too Many Requests"}
  [100] Program Manager, Professional Services - West      -> ERR
[nim] HTTP error 429: {"status":429,"title":"Too Many Requests"}
  [101] Communications Manager, Policy & Public Affairs    -> ERR
[nim] HTTP error 429: {"status":429,"title":"Too Many Requests"}
  [102] Head of Field and Partner Marketing                -> ERR
[nim] HTTP error 429: {"status":429,"title":"Too Many Requests"}
  [103] Credit Risk Analyst, North American Underwriter    -> ERR
[nim] HTTP error 429: {"status":429,"title":"Too Many Requests"}
  [104] Business Operations Senior Associate, Institutiona -> ERR
[nim] HTTP error 429: {"status":429,"title":"Too Many Requests"}
  [105] Program Manager, Professional Services - West      -> ERR
[nim] HTTP error 429: {"status":429,"title":"Too Many Requests"}
  [106] Communications Manager, Policy & Public Affairs    -> ERR
[nim] HTTP error 429: {"status":429,"title":"Too Many Requests"}
  [107] Head of Field and Partner Marketing                -> ERR
[nim] HTTP error 429: {"status":429,"title":"Too Many Requests"}
  [108] Credit Risk Analyst, North American Underwriter    -> ERR
[nim] HTTP error 429: {"status":429,"title":"Too Many Requests"}
  [109] Business Operations Senior Associate, Institutiona -> ERR
[nim] HTTP error 429: {"status":429,"title":"Too Many Requests"}
  [110] Program Manager, Professional Services - West      -> ERR
[nim] HTTP error 429: {"status":429,"title":"Too Many Requests"}
  [111] Communications Manager, Policy & Public Affairs    -> ERR
[nim] HTTP error 429: {"status":429,"title":"Too Many Requests"}
  [112] Head of Field and Partner Marketing                -> ERR
[nim] HTTP error 429: {"status":429,"title":"Too Many Requests"}
  [113] Credit Risk Analyst, North American Underwriter    -> ERR
[nim] HTTP error 429: {"status":429,"title":"Too Many Requests"}
  [114] Business Operations Senior Associate, Institutiona -> ERR
[nim] HTTP error 429: {"status":429,"title":"Too Many Requests"}
  [115] Program Manager, Professional Services - West      -> ERR
[nim] HTTP error 429: {"status":429,"title":"Too Many Requests"}
  [116] Communications Manager, Policy & Public Affairs    -> ERR
[nim] HTTP error 429: {"status":429,"title":"Too Many Requests"}
  [117] Head of Field and Partner Marketing                -> ERR
[nim] HTTP error 429: {"status":429,"title":"Too Many Requests"}
  [118] Credit Risk Analyst, North American Underwriter    -> ERR
[nim] HTTP error 429: {"status":429,"title":"Too Many Requests"}
  [119] Business Operations Senior Associate, Institutiona -> ERR
[nim] HTTP error 429: {"status":429,"title":"Too Many Requests"}
  [120] Program Manager, Professional Services - West      -> ERR
[nim] HTTP error 429: {"status":429,"title":"Too Many Requests"}
  [121] Communications Manager, Policy & Public Affairs    -> ERR
[nim] HTTP error 429: {"status":429,"title":"Too Many Requests"}
  [122] Head of Field and Partner Marketing                -> ERR
[nim] HTTP error 429: {"status":429,"title":"Too Many Requests"}
  [123] Credit Risk Analyst, North American Underwriter    -> ERR
[nim] HTTP error 429: {"status":429,"title":"Too Many Requests"}
  [124] Business Operations Senior Associate, Institutiona -> ERR
[nim] HTTP error 429: {"status":429,"title":"Too Many Requests"}
  [125] Program Manager, Professional Services - West      -> ERR
[nim] HTTP error 429: {"status":429,"title":"Too Many Requests"}
  [126] Communications Manager, Policy & Public Affairs    -> ERR
[nim] HTTP error 429: {"status":429,"title":"Too Many Requests"}
  [127] Head of Field and Partner Marketing                -> ERR
[nim] HTTP error 429: {"status":429,"title":"Too Many Requests"}
  [128] Credit Risk Analyst, North American Underwriter    -> ERR
[nim] HTTP error 429: {"status":429,"title":"Too Many Requests"}
  [129] Business Operations Senior Associate, Institutiona -> ERR
[nim] HTTP error 429: {"status":429,"title":"Too Many Requests"}
  [130] Program Manager, Professional Services - West      -> ERR
[nim] HTTP error 429: {"status":429,"title":"Too Many Requests"}
  [131] Communications Manager, Policy & Public Affairs    -> ERR
[nim] HTTP error 429: {"status":429,"title":"Too Many Requests"}
  [132] Head of Field and Partner Marketing                -> ERR
[nim] HTTP error 429: {"status":429,"title":"Too Many Requests"}
  [133] Credit Risk Analyst, North American Underwriter    -> ERR
[nim] HTTP error 429: {"status":429,"title":"Too Many Requests"}
  [134] Business Operations Senior Associate, Institutiona -> ERR
[nim] HTTP error 429: {"status":429,"title":"Too Many Requests"}
  [135] Program Manager, Professional Services - West      -> ERR
[nim] HTTP error 429: {"status":429,"title":"Too Many Requests"}
  [136] Communications Manager, Policy & Public Affairs    -> ERR
[nim] HTTP error 429: {"status":429,"title":"Too Many Requests"}
  [137] Head of Field and Partner Marketing                -> ERR
[nim] HTTP error 429: {"status":429,"title":"Too Many Requests"}
  [138] Credit Risk Analyst, North American Underwriter    -> ERR
[nim] HTTP error 429: {"status":429,"title":"Too Many Requests"}
  [139] Business Operations Senior Associate, Institutiona -> ERR
[nim] HTTP error 429: {"status":429,"title":"Too Many Requests"}
  [140] Program Manager, Professional Services - West      -> ERR
[nim] HTTP error 429: {"status":429,"title":"Too Many Requests"}
  [141] Communications Manager, Policy & Public Affairs    -> ERR
[nim] HTTP error 429: {"status":429,"title":"Too Many Requests"}
  [142] Head of Field and Partner Marketing                -> ERR
[nim] HTTP error 429: {"status":429,"title":"Too Many Requests"}
  [143] Credit Risk Analyst, North American Underwriter    -> ERR
[nim] HTTP error 429: {"status":429,"title":"Too Many Requests"}
  [144] Business Operations Senior Associate, Institutiona -> ERR
[nim] HTTP error 429: {"status":429,"title":"Too Many Requests"}
  [145] Program Manager, Professional Services - West      -> ERR
[nim] HTTP error 429: {"status":429,"title":"Too Many Requests"}
  [146] Communications Manager, Policy & Public Affairs    -> ERR
[nim] HTTP error 429: {"status":429,"title":"Too Many Requests"}
  [147] Head of Field and Partner Marketing                -> ERR
[nim] HTTP error 429: {"status":429,"title":"Too Many Requests"}
  [148] Credit Risk Analyst, North American Underwriter    -> ERR
[nim] HTTP error 429: {"status":429,"title":"Too Many Requests"}
  [149] Business Operations Senior Associate, Institutiona -> ERR
[nim] HTTP error 429: {"status":429,"title":"Too Many Requests"}
  [150] Program Manager, Professional Services - West      -> ERR
[nim] HTTP error 429: {"status":429,"title":"Too Many Requests"}
  [151] Communications Manager, Policy & Public Affairs    -> ERR
[nim] HTTP error 429: {"status":429,"title":"Too Many Requests"}
  [152] Head of Field and Partner Marketing                -> ERR
[nim] HTTP error 429: {"status":429,"title":"Too Many Requests"}
  [153] Credit Risk Analyst, North American Underwriter    -> ERR
[nim] HTTP error 429: {"status":429,"title":"Too Many Requests"}
  [154] Business Operations Senior Associate, Institutiona -> ERR
[nim] HTTP error 429: {"status":429,"title":"Too Many Requests"}
  [155] Program Manager, Professional Services - West      -> ERR
[nim] HTTP error 429: {"status":429,"title":"Too Many Requests"}
  [156] Communications Manager, Policy & Public Affairs    -> ERR
[nim] HTTP error 429: {"status":429,"title":"Too Many Requests"}
  [157] Head of Field and Partner Marketing                -> ERR
[nim] HTTP error 429: {"status":429,"title":"Too Many Requests"}
  [158] Credit Risk Analyst, North American Underwriter    -> ERR
[nim] HTTP error 429: {"status":429,"title":"Too Many Requests"}
  [159] Business Operations Senior Associate, Institutiona -> ERR
[nim] HTTP error 429: {"status":429,"title":"Too Many Requests"}
  [160] Program Manager, Professional Services - West      -> ERR
[nim] HTTP error 429: {"status":429,"title":"Too Many Requests"}
  [161] Communications Manager, Policy & Public Affairs    -> ERR
[nim] HTTP error 429: {"status":429,"title":"Too Many Requests"}
  [162] Head of Field and Partner Marketing                -> ERR
[nim] HTTP error 429: {"status":429,"title":"Too Many Requests"}
  [163] Credit Risk Analyst, North American Underwriter    -> ERR
[nim] HTTP error 429: {"status":429,"title":"Too Many Requests"}
  [164] Business Operations Senior Associate, Institutiona -> ERR
[nim] HTTP error 429: {"status":429,"title":"Too Many Requests"}
  [165] Program Manager, Professional Services - West      -> ERR
[nim] HTTP error 429: {"status":429,"title":"Too Many Requests"}
  [166] Communications Manager, Policy & Public Affairs    -> ERR
[nim] HTTP error 429: {"status":429,"title":"Too Many Requests"}
  [167] Head of Field and Partner Marketing                -> ERR
[nim] HTTP error 429: {"status":429,"title":"Too Many Requests"}
  [168] Credit Risk Analyst, North American Underwriter    -> ERR
[nim] HTTP error 429: {"status":429,"title":"Too Many Requests"}
  [169] Business Operations Senior Associate, Institutiona -> ERR
[nim] HTTP error 429: {"status":429,"title":"Too Many Requests"}
  [170] Program Manager, Professional Services - West      -> ERR
[nim] HTTP error 429: {"status":429,"title":"Too Many Requests"}
  [171] Communications Manager, Policy & Public Affairs    -> ERR
[nim] HTTP error 429: {"status":429,"title":"Too Many Requests"}
  [172] Head of Field and Partner Marketing                -> ERR
[nim] HTTP error 429: {"status":429,"title":"Too Many Requests"}
  [173] Credit Risk Analyst, North American Underwriter    -> ERR
[nim] HTTP error 429: {"status":429,"title":"Too Many Requests"}
  [174] Business Operations Senior Associate, Institutiona -> ERR
[nim] HTTP error 429: {"status":429,"title":"Too Many Requests"}
  [175] Program Manager, Professional Services - West      -> ERR
[nim] HTTP error 429: {"status":429,"title":"Too Many Requests"}
  [176] Communications Manager, Policy & Public Affairs    -> ERR
[nim] HTTP error 429: {"status":429,"title":"Too Many Requests"}
  [177] Head of Field and Partner Marketing                -> ERR
[nim] HTTP error 429: {"status":429,"title":"Too Many Requests"}
  [178] Credit Risk Analyst, North American Underwriter    -> ERR
[nim] HTTP error 429: {"status":429,"title":"Too Many Requests"}
  [179] Business Operations Senior Associate, Institutiona -> ERR
[nim] HTTP error 429: {"status":429,"title":"Too Many Requests"}
  [180] Program Manager, Professional Services - West      -> ERR
[nim] HTTP error 429: {"status":429,"title":"Too Many Requests"}
  [181] Communications Manager, Policy & Public Affairs    -> ERR
[nim] HTTP error 429: {"status":429,"title":"Too Many Requests"}
  [182] Head of Field and Partner Marketing                -> ERR
[nim] HTTP error 429: {"status":429,"title":"Too Many Requests"}
  [183] Credit Risk Analyst, North American Underwriter    -> ERR
[nim] HTTP error 429: {"status":429,"title":"Too Many Requests"}
  [184] Business Operations Senior Associate, Institutiona -> ERR
[nim] HTTP error 429: {"status":429,"title":"Too Many Requests"}
  [185] Program Manager, Professional Services - West      -> ERR
[nim] HTTP error 429: {"status":429,"title":"Too Many Requests"}
  [186] Communications Manager, Policy & Public Affairs    -> ERR
[nim] HTTP error 429: {"status":429,"title":"Too Many Requests"}
  [187] Head of Field and Partner Marketing                -> ERR
[nim] HTTP error 429: {"status":429,"title":"Too Many Requests"}
  [188] Credit Risk Analyst, North American Underwriter    -> ERR
[nim] HTTP error 429: {"status":429,"title":"Too Many Requests"}
  [189] Business Operations Senior Associate, Institutiona -> ERR
[nim] HTTP error 429: {"status":429,"title":"Too Many Requests"}
  [190] Program Manager, Professional Services - West      -> ERR
[nim] HTTP error 429: {"status":429,"title":"Too Many Requests"}
  [191] Communications Manager, Policy & Public Affairs    -> ERR
[nim] HTTP error 429: {"status":429,"title":"Too Many Requests"}
  [192] Head of Field and Partner Marketing                -> ERR
[nim] HTTP error 429: {"status":429,"title":"Too Many Requests"}
  [193] Credit Risk Analyst, North American Underwriter    -> ERR
[nim] HTTP error 429: {"status":429,"title":"Too Many Requests"}
  [194] Business Operations Senior Associate, Institutiona -> ERR
[nim] HTTP error 429: {"status":429,"title":"Too Many Requests"}
  [195] Program Manager, Professional Services - West      -> ERR
[nim] HTTP error 429: {"status":429,"title":"Too Many Requests"}
  [196] Communications Manager, Policy & Public Affairs    -> ERR
[nim] HTTP error 429: {"status":429,"title":"Too Many Requests"}
  [197] Head of Field and Partner Marketing                -> ERR
[nim] HTTP error 429: {"status":429,"title":"Too Many Requests"}
  [198] Credit Risk Analyst, North American Underwriter    -> ERR
[nim] HTTP error 429: {"status":429,"title":"Too Many Requests"}
  [199] Business Operations Senior Associate, Institutiona -> ERR
[nim] HTTP error 429: {"status":429,"title":"Too Many Requests"}
  [200] Program Manager, Professional Services - West      -> ERR
[nim] HTTP error 429: {"status":429,"title":"Too Many Requests"}
  [201] Communications Manager, Policy & Public Affairs    -> ERR
[nim] HTTP error 429: {"status":429,"title":"Too Many Requests"}
  [202] Head of Field and Partner Marketing                -> ERR
[nim] HTTP error 429: {"status":429,"title":"Too Many Requests"}
  [203] Credit Risk Analyst, North American Underwriter    -> ERR
[nim] HTTP error 429: {"status":429,"title":"Too Many Requests"}
  [204] Business Operations Senior Associate, Institutiona -> ERR
[nim] HTTP error 429: {"status":429,"title":"Too Many Requests"}
  [205] Program Manager, Professional Services - West      -> ERR
[nim] HTTP error 429: {"status":429,"title":"Too Many Requests"}
  [206] Communications Manager, Policy & Public Affairs    -> ERR
[nim] HTTP error 429: {"status":429,"title":"Too Many Requests"}
  [207] Head of Field and Partner Marketing                -> ERR
[nim] HTTP error 429: {"status":429,"title":"Too Many Requests"}
  [208] Credit Risk Analyst, North American Underwriter    -> ERR
[nim] HTTP error 429: {"status":429,"title":"Too Many Requests"}
  [209] Business Operations Senior Associate, Institutiona -> ERR
[nim] HTTP error 429: {"status":429,"title":"Too Many Requests"}
  [210] Program Manager, Professional Services - West      -> ERR
[nim] HTTP error 429: {"status":429,"title":"Too Many Requests"}
  [211] Communications Manager, Policy & Public Affairs    -> ERR
[nim] HTTP error 429: {"status":429,"title":"Too Many Requests"}
  [212] Head of Field and Partner Marketing                -> ERR
[nim] HTTP error 429: {"status":429,"title":"Too Many Requests"}
  [213] Credit Risk Analyst, North American Underwriter    -> ERR
[nim] HTTP error 429: {"status":429,"title":"Too Many Requests"}
  [214] Business Operations Senior Associate, Institutiona -> ERR
[nim] HTTP error 429: {"status":429,"title":"Too Many Requests"}
  [215] Program Manager, Professional Services - West      -> ERR
[nim] HTTP error 429: {"status":429,"title":"Too Many Requests"}
  [216] Communications Manager, Policy & Public Affairs    -> ERR
[nim] HTTP error 429: {"status":429,"title":"Too Many Requests"}
  [217] Head of Field and Partner Marketing                -> ERR
[nim] HTTP error 429: {"status":429,"title":"Too Many Requests"}
  [218] Credit Risk Analyst, North American Underwriter    -> ERR
[nim] HTTP error 429: {"status":429,"title":"Too Many Requests"}
  [219] Business Operations Senior Associate, Institutiona -> ERR
[nim] HTTP error 429: {"status":429,"title":"Too Many Requests"}
  [220] Program Manager, Professional Services - West      -> ERR
[nim] HTTP error 429: {"status":429,"title":"Too Many Requests"}
  [221] Communications Manager, Policy & Public Affairs    -> ERR
[nim] HTTP error 429: {"status":429,"title":"Too Many Requests"}
  [222] Head of Field and Partner Marketing                -> ERR
[nim] HTTP error 429: {"status":429,"title":"Too Many Requests"}
  [223] Credit Risk Analyst, North American Underwriter    -> ERR
[nim] HTTP error 429: {"status":429,"title":"Too Many Requests"}
  [224] Business Operations Senior Associate, Institutiona -> ERR
[nim] HTTP error 429: {"status":429,"title":"Too Many Requests"}
  [225] Program Manager, Professional Services - West      -> ERR
[nim] HTTP error 429: {"status":429,"title":"Too Many Requests"}
  [226] Communications Manager, Policy & Public Affairs    -> ERR
[nim] HTTP error 429: {"status":429,"title":"Too Many Requests"}
  [227] Head of Field and Partner Marketing                -> ERR
[nim] HTTP error 429: {"status":429,"title":"Too Many Requests"}
  [228] Credit Risk Analyst, North American Underwriter    -> ERR
[nim] HTTP error 429: {"status":429,"title":"Too Many Requests"}
  [229] Business Operations Senior Associate, Institutiona -> ERR
[nim] HTTP error 429: {"status":429,"title":"Too Many Requests"}
  [230] Program Manager, Professional Services - West      -> ERR
[nim] HTTP error 429: {"status":429,"title":"Too Many Requests"}
  [231] Communications Manager, Policy & Public Affairs    -> ERR
[nim] HTTP error 429: {"status":429,"title":"Too Many Requests"}
  [232] Head of Field and Partner Marketing                -> ERR
[nim] HTTP error 429: {"status":429,"title":"Too Many Requests"}
  [233] Credit Risk Analyst, North American Underwriter    -> ERR
[nim] HTTP error 429: {"status":429,"title":"Too Many Requests"}
  [234] Business Operations Senior Associate, Institutiona -> ERR
[nim] HTTP error 429: {"status":429,"title":"Too Many Requests"}
  [235] Program Manager, Professional Services - West      -> ERR
[nim] HTTP error 429: {"status":429,"title":"Too Many Requests"}
  [236] Communications Manager, Policy & Public Affairs    -> ERR
[nim] HTTP error 429: {"status":429,"title":"Too Many Requests"}
  [237] Head of Field and Partner Marketing                -> ERR
[nim] HTTP error 429: {"status":429,"title":"Too Many Requests"}
  [238] Credit Risk Analyst, North American Underwriter    -> ERR
[nim] HTTP error 429: {"status":429,"title":"Too Many Requests"}
  [239] Business Operations Senior Associate, Institutiona -> ERR
[nim] HTTP error 429: {"status":429,"title":"Too Many Requests"}
  [240] Program Manager, Professional Services - West      -> ERR
[nim] HTTP error 429: {"status":429,"title":"Too Many Requests"}
  [241] Communications Manager, Policy & Public Affairs    -> ERR
[nim] HTTP error 429: {"status":429,"title":"Too Many Requests"}
  [242] Head of Field and Partner Marketing                -> ERR
[nim] HTTP error 429: {"status":429,"title":"Too Many Requests"}
  [243] Credit Risk Analyst, North American Underwriter    -> ERR
[nim] HTTP error 429: {"status":429,"title":"Too Many Requests"}
  [244] Business Operations Senior Associate, Institutiona -> ERR
[nim] HTTP error 429: {"status":429,"title":"Too Many Requests"}
  [245] Program Manager, Professional Services - West      -> ERR
[nim] HTTP error 429: {"status":429,"title":"Too Many Requests"}
  [246] Communications Manager, Policy & Public Affairs    -> ERR
[nim] HTTP error 429: {"status":429,"title":"Too Many Requests"}
  [247] Head of Field and Partner Marketing                -> ERR
[nim] HTTP error 429: {"status":429,"title":"Too Many Requests"}
  [248] Credit Risk Analyst, North American Underwriter    -> ERR
[nim] HTTP error 429: {"status":429,"title":"Too Many Requests"}
  [249] Business Operations Senior Associate, Institutiona -> ERR
[nim] HTTP error 429: {"status":429,"title":"Too Many Requests"}
  [250] Program Manager, Professional Services - West      -> ERR
[nim] HTTP error 429: {"status":429,"title":"Too Many Requests"}
  [251] Communications Manager, Policy & Public Affairs    -> ERR
[nim] HTTP error 429: {"status":429,"title":"Too Many Requests"}
  [252] Head of Field and Partner Marketing                -> ERR
[nim] HTTP error 429: {"status":429,"title":"Too Many Requests"}
  [253] Credit Risk Analyst, North American Underwriter    -> ERR
[nim] HTTP error 429: {"status":429,"title":"Too Many Requests"}
  [254] Business Operations Senior Associate, Institutiona -> ERR
[nim] HTTP error 429: {"status":429,"title":"Too Many Requests"}
  [255] Program Manager, Professional Services - West      -> ERR
[nim] HTTP error 429: {"status":429,"title":"Too Many Requests"}
  [256] Communications Manager, Policy & Public Affairs    -> ERR
[nim] HTTP error 429: {"status":429,"title":"Too Many Requests"}
  [257] Head of Field and Partner Marketing                -> ERR
[nim] HTTP error 429: {"status":429,"title":"Too Many Requests"}
  [258] Credit Risk Analyst, North American Underwriter    -> ERR
[nim] HTTP error 429: {"status":429,"title":"Too Many Requests"}
  [259] Business Operations Senior Associate, Institutiona -> ERR
[nim] HTTP error 429: {"status":429,"title":"Too Many Requests"}
  [260] Program Manager, Professional Services - West      -> ERR
[nim] HTTP error 429: {"status":429,"title":"Too Many Requests"}
  [261] Communications Manager, Policy & Public Affairs    -> ERR
[nim] HTTP error 429: {"status":429,"title":"Too Many Requests"}
  [262] Head of Field and Partner Marketing                -> ERR
[nim] HTTP error 429: {"status":429,"title":"Too Many Requests"}
  [263] Credit Risk Analyst, North American Underwriter    -> ERR
[nim] HTTP error 429: {"status":429,"title":"Too Many Requests"}
  [264] Business Operations Senior Associate, Institutiona -> ERR
[nim] HTTP error 429: {"status":429,"title":"Too Many Requests"}
  [265] Program Manager, Professional Services - West      -> ERR
[nim] HTTP error 429: {"status":429,"title":"Too Many Requests"}
  [266] Communications Manager, Policy & Public Affairs    -> ERR
[nim] HTTP error 429: {"status":429,"title":"Too Many Requests"}
  [267] Head of Field and Partner Marketing                -> ERR
[nim] HTTP error 429: {"status":429,"title":"Too Many Requests"}
  [268] Credit Risk Analyst, North American Underwriter    -> ERR
[nim] HTTP error 429: {"status":429,"title":"Too Many Requests"}
  [269] Business Operations Senior Associate, Institutiona -> ERR
[nim] HTTP error 429: {"status":429,"title":"Too Many Requests"}
  [270] Program Manager, Professional Services - West      -> ERR
[nim] HTTP error 429: {"status":429,"title":"Too Many Requests"}
  [271] Communications Manager, Policy & Public Affairs    -> ERR
[nim] HTTP error 429: {"status":429,"title":"Too Many Requests"}
  [272] Head of Field and Partner Marketing                -> ERR
[nim] HTTP error 429: {"status":429,"title":"Too Many Requests"}
  [273] Credit Risk Analyst, North American Underwriter    -> ERR
[nim] HTTP error 429: {"status":429,"title":"Too Many Requests"}
  [274] Business Operations Senior Associate, Institutiona -> ERR
[nim] HTTP error 429: {"status":429,"title":"Too Many Requests"}
  [275] Program Manager, Professional Services - West      -> ERR
[nim] HTTP error 429: {"status":429,"title":"Too Many Requests"}
  [276] Communications Manager, Policy & Public Affairs    -> ERR
[nim] HTTP error 429: {"status":429,"title":"Too Many Requests"}
  [277] Head of Field and Partner Marketing                -> ERR
[nim] HTTP error 429: {"status":429,"title":"Too Many Requests"}
  [278] Credit Risk Analyst, North American Underwriter    -> ERR
[nim] HTTP error 429: {"status":429,"title":"Too Many Requests"}
  [279] Business Operations Senior Associate, Institutiona -> ERR
[nim] HTTP error 429: {"status":429,"title":"Too Many Requests"}
  [280] Program Manager, Professional Services - West      -> ERR
[nim] HTTP error 429: {"status":429,"title":"Too Many Requests"}
  [281] Communications Manager, Policy & Public Affairs    -> ERR
[nim] HTTP error 429: {"status":429,"title":"Too Many Requests"}
  [282] Head of Field and Partner Marketing                -> ERR
[nim] HTTP error 429: {"status":429,"title":"Too Many Requests"}
  [283] Credit Risk Analyst, North American Underwriter    -> ERR
[nim] HTTP error 429: {"status":429,"title":"Too Many Requests"}
  [284] Business Operations Senior Associate, Institutiona -> ERR
[nim] HTTP error 429: {"status":429,"title":"Too Many Requests"}
  [285] Program Manager, Professional Services - West      -> ERR
[nim] HTTP error 429: {"status":429,"title":"Too Many Requests"}
  [286] Communications Manager, Policy & Public Affairs    -> ERR
[nim] HTTP error 429: {"status":429,"title":"Too Many Requests"}
  [287] Head of Field and Partner Marketing                -> ERR
[nim] HTTP error 429: {"status":429,"title":"Too Many Requests"}
  [288] Credit Risk Analyst, North American Underwriter    -> ERR
[nim] HTTP error 429: {"status":429,"title":"Too Many Requests"}
  [289] Business Operations Senior Associate, Institutiona -> ERR
[nim] HTTP error 429: {"status":429,"title":"Too Many Requests"}
  [290] Program Manager, Professional Services - West      -> ERR
[nim] HTTP error 429: {"status":429,"title":"Too Many Requests"}
  [291] Communications Manager, Policy & Public Affairs    -> ERR
[nim] HTTP error 429: {"status":429,"title":"Too Many Requests"}
  [292] Head of Field and Partner Marketing                -> ERR
[nim] HTTP error 429: {"status":429,"title":"Too Many Requests"}
  [293] Credit Risk Analyst, North American Underwriter    -> ERR
[nim] HTTP error 429: {"status":429,"title":"Too Many Requests"}
  [294] Business Operations Senior Associate, Institutiona -> ERR
[nim] HTTP error 429: {"status":429,"title":"Too Many Requests"}
  [295] Program Manager, Professional Services - West      -> ERR
[nim] HTTP error 429: {"status":429,"title":"Too Many Requests"}
  [296] Communications Manager, Policy & Public Affairs    -> ERR
[nim] HTTP error 429: {"status":429,"title":"Too Many Requests"}
  [297] Head of Field and Partner Marketing                -> ERR
[nim] HTTP error 429: {"status":429,"title":"Too Many Requests"}
  [298] Credit Risk Analyst, North American Underwriter    -> ERR
[nim] HTTP error 429: {"status":429,"title":"Too Many Requests"}
  [299] Business Operations Senior Associate, Institutiona -> ERR
[nim] HTTP error 429: {"status":429,"title":"Too Many Requests"}
  [300] Program Manager, Professional Services - West      -> ERR
[nim] HTTP error 429: {"status":429,"title":"Too Many Requests"}
  [301] Communications Manager, Policy & Public Affairs    -> ERR
[nim] HTTP error 429: {"status":429,"title":"Too Many Requests"}
  [302] Head of Field and Partner Marketing                -> ERR
[nim] HTTP error 429: {"status":429,"title":"Too Many Requests"}
  [303] Credit Risk Analyst, North American Underwriter    -> ERR
[nim] HTTP error 429: {"status":429,"title":"Too Many Requests"}
  [304] Business Operations Senior Associate, Institutiona -> ERR
[nim] HTTP error 429: {"status":429,"title":"Too Many Requests"}
  [305] Program Manager, Professional Services - West      -> ERR
[nim] HTTP error 429: {"status":429,"title":"Too Many Requests"}
  [306] Communications Manager, Policy & Public Affairs    -> ERR
[nim] HTTP error 429: {"status":429,"title":"Too Many Requests"}
  [307] Head of Field and Partner Marketing                -> ERR
[nim] HTTP error 429: {"status":429,"title":"Too Many Requests"}
  [308] Credit Risk Analyst, North American Underwriter    -> ERR
[nim] HTTP error 429: {"status":429,"title":"Too Many Requests"}
  [309] Business Operations Senior Associate, Institutiona -> ERR
[nim] HTTP error 429: {"status":429,"title":"Too Many Requests"}
  [310] Program Manager, Professional Services - West      -> ERR
[nim] HTTP error 429: {"status":429,"title":"Too Many Requests"}
  [311] Communications Manager, Policy & Public Affairs    -> ERR
[nim] HTTP error 429: {"status":429,"title":"Too Many Requests"}
  [312] Head of Field and Partner Marketing                -> ERR
[nim] HTTP error 429: {"status":429,"title":"Too Many Requests"}
  [313] Credit Risk Analyst, North American Underwriter    -> ERR
[nim] HTTP error 429: {"status":429,"title":"Too Many Requests"}
  [314] Business Operations Senior Associate, Institutiona -> ERR
[nim] HTTP error 429: {"status":429,"title":"Too Many Requests"}
  [315] Program Manager, Professional Services - West      -> ERR
[nim] HTTP error 429: {"status":429,"title":"Too Many Requests"}
  [316] Communications Manager, Policy & Public Affairs    -> ERR
[nim] HTTP error 429: {"status":429,"title":"Too Many Requests"}
  [317] Head of Field and Partner Marketing                -> ERR
[nim] HTTP error 429: {"status":429,"title":"Too Many Requests"}
  [318] Credit Risk Analyst, North American Underwriter    -> ERR
[nim] HTTP error 429: {"status":429,"title":"Too Many Requests"}
  [319] Business Operations Senior Associate, Institutiona -> ERR
[nim] HTTP error 429: {"status":429,"title":"Too Many Requests"}
  [320] Program Manager, Professional Services - West      -> ERR
[nim] HTTP error 429: {"status":429,"title":"Too Many Requests"}
  [321] Communications Manager, Policy & Public Affairs    -> ERR
[nim] HTTP error 429: {"status":429,"title":"Too Many Requests"}
  [322] Head of Field and Partner Marketing                -> ERR
[nim] HTTP error 429: {"status":429,"title":"Too Many Requests"}
  [323] Credit Risk Analyst, North American Underwriter    -> ERR
[nim] HTTP error 429: {"status":429,"title":"Too Many Requests"}
  [324] Business Operations Senior Associate, Institutiona -> ERR
[nim] HTTP error 429: {"status":429,"title":"Too Many Requests"}
  [325] Program Manager, Professional Services - West      -> ERR
[nim] HTTP error 429: {"status":429,"title":"Too Many Requests"}
  [326] Communications Manager, Policy & Public Affairs    -> ERR
[nim] HTTP error 429: {"status":429,"title":"Too Many Requests"}
  [327] Head of Field and Partner Marketing                -> ERR
[nim] HTTP error 429: {"status":429,"title":"Too Many Requests"}
  [328] Credit Risk Analyst, North American Underwriter    -> ERR
[nim] HTTP error 429: {"status":429,"title":"Too Many Requests"}
  [329] Business Operations Senior Associate, Institutiona -> ERR
[nim] HTTP error 429: {"status":429,"title":"Too Many Requests"}
  [330] Program Manager, Professional Services - West      -> ERR
[nim] HTTP error 429: {"status":429,"title":"Too Many Requests"}
  [331] Communications Manager, Policy & Public Affairs    -> ERR
[nim] HTTP error 429: {"status":429,"title":"Too Many Requests"}
  [332] Head of Field and Partner Marketing                -> ERR
[nim] HTTP error 429: {"status":429,"title":"Too Many Requests"}
  [333] Credit Risk Analyst, North American Underwriter    -> ERR
[nim] HTTP error 429: {"status":429,"title":"Too Many Requests"}
  [334] Business Operations Senior Associate, Institutiona -> ERR
[nim] HTTP error 429: {"status":429,"title":"Too Many Requests"}
  [335] Program Manager, Professional Services - West      -> ERR
[nim] HTTP error 429: {"status":429,"title":"Too Many Requests"}
  [336] Communications Manager, Policy & Public Affairs    -> ERR
[nim] HTTP error 429: {"status":429,"title":"Too Many Requests"}
  [337] Head of Field and Partner Marketing                -> ERR
[nim] HTTP error 429: {"status":429,"title":"Too Many Requests"}
  [338] Credit Risk Analyst, North American Underwriter    -> ERR
[nim] HTTP error 429: {"status":429,"title":"Too Many Requests"}
  [339] Business Operations Senior Associate, Institutiona -> ERR
[nim] HTTP error 429: {"status":429,"title":"Too Many Requests"}
  [340] Program Manager, Professional Services - West      -> ERR
[nim] HTTP error 429: {"status":429,"title":"Too Many Requests"}
  [341] Communications Manager, Policy & Public Affairs    -> ERR
[nim] HTTP error 429: {"status":429,"title":"Too Many Requests"}
  [342] Head of Field and Partner Marketing                -> ERR
[nim] HTTP error 429: {"status":429,"title":"Too Many Requests"}
  [343] Credit Risk Analyst, North American Underwriter    -> ERR
[nim] HTTP error 429: {"status":429,"title":"Too Many Requests"}
  [344] Business Operations Senior Associate, Institutiona -> ERR
[nim] HTTP error 429: {"status":429,"title":"Too Many Requests"}
  [345] Program Manager, Professional Services - West      -> ERR
[nim] HTTP error 429: {"status":429,"title":"Too Many Requests"}
  [346] Communications Manager, Policy & Public Affairs    -> ERR
[nim] HTTP error 429: {"status":429,"title":"Too Many Requests"}
  [347] Head of Field and Partner Marketing                -> ERR
[nim] HTTP error 429: {"status":429,"title":"Too Many Requests"}
  [348] Credit Risk Analyst, North American Underwriter    -> ERR
[nim] HTTP error 429: {"status":429,"title":"Too Many Requests"}
  [349] Business Operations Senior Associate, Institutiona -> ERR
[nim] HTTP error 429: {"status":429,"title":"Too Many Requests"}
  [350] Program Manager, Professional Services - West      -> ERR
[nim] HTTP error 429: {"status":429,"title":"Too Many Requests"}
  [351] Communications Manager, Policy & Public Affairs    -> ERR
[nim] HTTP error 429: {"status":429,"title":"Too Many Requests"}
  [352] Head of Field and Partner Marketing                -> ERR
[nim] HTTP error 429: {"status":429,"title":"Too Many Requests"}
  [353] Credit Risk Analyst, North American Underwriter    -> ERR
[nim] HTTP error 429: {"status":429,"title":"Too Many Requests"}
  [354] Business Operations Senior Associate, Institutiona -> ERR
[nim] HTTP error 429: {"status":429,"title":"Too Many Requests"}
  [355] Program Manager, Professional Services - West      -> ERR
[nim] HTTP error 429: {"status":429,"title":"Too Many Requests"}
  [356] Communications Manager, Policy & Public Affairs    -> ERR
[nim] HTTP error 429: {"status":429,"title":"Too Many Requests"}
  [357] Head of Field and Partner Marketing                -> ERR
[nim] HTTP error 429: {"status":429,"title":"Too Many Requests"}
  [358] Credit Risk Analyst, North American Underwriter    -> ERR
[nim] HTTP error 429: {"status":429,"title":"Too Many Requests"}
  [359] Business Operations Senior Associate, Institutiona -> ERR
[nim] HTTP error 429: {"status":429,"title":"Too Many Requests"}
  [360] Program Manager, Professional Services - West      -> ERR
[nim] HTTP error 429: {"status":429,"title":"Too Many Requests"}
  [361] Communications Manager, Policy & Public Affairs    -> ERR
[nim] HTTP error 429: {"status":429,"title":"Too Many Requests"}
  [362] Head of Field and Partner Marketing                -> ERR
[nim] HTTP error 429: {"status":429,"title":"Too Many Requests"}
  [363] Credit Risk Analyst, North American Underwriter    -> ERR
[nim] HTTP error 429: {"status":429,"title":"Too Many Requests"}
  [364] Business Operations Senior Associate, Institutiona -> ERR
[nim] HTTP error 429: {"status":429,"title":"Too Many Requests"}
  [365] Program Manager, Professional Services - West      -> ERR
[nim] HTTP error 429: {"status":429,"title":"Too Many Requests"}
  [366] Communications Manager, Policy & Public Affairs    -> ERR
[nim] HTTP error 429: {"status":429,"title":"Too Many Requests"}
  [367] Head of Field and Partner Marketing                -> ERR
[nim] HTTP error 429: {"status":429,"title":"Too Many Requests"}
  [368] Credit Risk Analyst, North American Underwriter    -> ERR
[nim] HTTP error 429: {"status":429,"title":"Too Many Requests"}
  [369] Business Operations Senior Associate, Institutiona -> ERR
[nim] HTTP error 429: {"status":429,"title":"Too Many Requests"}
  [370] Program Manager, Professional Services - West      -> ERR
[nim] HTTP error 429: {"status":429,"title":"Too Many Requests"}
  [371] Communications Manager, Policy & Public Affairs    -> ERR
[nim] HTTP error 429: {"status":429,"title":"Too Many Requests"}
  [372] Head of Field and Partner Marketing                -> ERR
[nim] HTTP error 429: {"status":429,"title":"Too Many Requests"}
  [373] Credit Risk Analyst, North American Underwriter    -> ERR
[nim] HTTP error 429: {"status":429,"title":"Too Many Requests"}
  [374] Business Operations Senior Associate, Institutiona -> ERR
[nim] HTTP error 429: {"status":429,"title":"Too Many Requests"}
  [375] Program Manager, Professional Services - West      -> ERR
[nim] HTTP error 429: {"status":429,"title":"Too Many Requests"}
  [376] Communications Manager, Policy & Public Affairs    -> ERR
[nim] HTTP error 429: {"status":429,"title":"Too Many Requests"}
  [377] Head of Field and Partner Marketing                -> ERR
[nim] HTTP error 429: {"status":429,"title":"Too Many Requests"}
  [378] Credit Risk Analyst, North American Underwriter    -> ERR
[nim] HTTP error 429: {"status":429,"title":"Too Many Requests"}
  [379] Business Operations Senior Associate, Institutiona -> ERR
[nim] HTTP error 429: {"status":429,"title":"Too Many Requests"}
  [380] Program Manager, Professional Services - West      -> ERR
[nim] HTTP error 429: {"status":429,"title":"Too Many Requests"}
  [381] Communications Manager, Policy & Public Affairs    -> ERR
[nim] HTTP error 429: {"status":429,"title":"Too Many Requests"}
  [382] Head of Field and Partner Marketing                -> ERR
[nim] HTTP error 429: {"status":429,"title":"Too Many Requests"}
  [383] Credit Risk Analyst, North American Underwriter    -> ERR
[nim] HTTP error 429: {"status":429,"title":"Too Many Requests"}
  [384] Business Operations Senior Associate, Institutiona -> ERR
[nim] HTTP error 429: {"status":429,"title":"Too Many Requests"}
  [385] Program Manager, Professional Services - West      -> ERR
[nim] HTTP error 429: {"status":429,"title":"Too Many Requests"}
  [386] Communications Manager, Policy & Public Affairs    -> ERR
[nim] HTTP error 429: {"status":429,"title":"Too Many Requests"}
  [387] Head of Field and Partner Marketing                -> ERR
[nim] HTTP error 429: {"status":429,"title":"Too Many Requests"}
  [388] Credit Risk Analyst, North American Underwriter    -> ERR
[nim] HTTP error 429: {"status":429,"title":"Too Many Requests"}
  [389] Business Operations Senior Associate, Institutiona -> ERR
[nim] HTTP error 429: {"status":429,"title":"Too Many Requests"}
  [390] Program Manager, Professional Services - West      -> ERR
[nim] HTTP error 429: {"status":429,"title":"Too Many Requests"}
  [391] Communications Manager, Policy & Public Affairs    -> ERR
[nim] HTTP error 429: {"status":429,"title":"Too Many Requests"}
  [392] Head of Field and Partner Marketing                -> ERR
[nim] HTTP error 429: {"status":429,"title":"Too Many Requests"}
  [393] Credit Risk Analyst, North American Underwriter    -> ERR
[nim] HTTP error 429: {"status":429,"title":"Too Many Requests"}
  [394] Business Operations Senior Associate, Institutiona -> ERR
[nim] HTTP error 429: {"status":429,"title":"Too Many Requests"}
  [395] Program Manager, Professional Services - West      -> ERR
[nim] HTTP error 429: {"status":429,"title":"Too Many Requests"}
  [396] Communications Manager, Policy & Public Affairs    -> ERR
[nim] HTTP error 429: {"status":429,"title":"Too Many Requests"}
  [397] Head of Field and Partner Marketing                -> ERR
[nim] HTTP error 429: {"status":429,"title":"Too Many Requests"}
  [398] Credit Risk Analyst, North American Underwriter    -> ERR
[nim] HTTP error 429: {"status":429,"title":"Too Many Requests"}
  [399] Business Operations Senior Associate, Institutiona -> ERR
[nim] HTTP error 429: {"status":429,"title":"Too Many Requests"}
  [400] Program Manager, Professional Services - West      -> ERR
[nim] HTTP error 429: {"status":429,"title":"Too Many Requests"}
  [401] Communications Manager, Policy & Public Affairs    -> ERR
[nim] HTTP error 429: {"status":429,"title":"Too Many Requests"}
  [402] Head of Field and Partner Marketing                -> ERR
[nim] HTTP error 429: {"status":429,"title":"Too Many Requests"}
  [403] Credit Risk Analyst, North American Underwriter    -> ERR
[nim] HTTP error 429: {"status":429,"title":"Too Many Requests"}
  [404] Business Operations Senior Associate, Institutiona -> ERR
[nim] HTTP error 429: {"status":429,"title":"Too Many Requests"}
  [405] Program Manager, Professional Services - West      -> ERR
[nim] HTTP error 429: {"status":429,"title":"Too Many Requests"}
  [406] Communications Manager, Policy & Public Affairs    -> ERR
[nim] HTTP error 429: {"status":429,"title":"Too Many Requests"}
  [407] Head of Field and Partner Marketing                -> ERR
[nim] HTTP error 429: {"status":429,"title":"Too Many Requests"}
  [408] Credit Risk Analyst, North American Underwriter    -> ERR
[nim] HTTP error 429: {"status":429,"title":"Too Many Requests"}
  [409] Business Operations Senior Associate, Institutiona -> ERR
[nim] HTTP error 429: {"status":429,"title":"Too Many Requests"}
  [410] Program Manager, Professional Services - West      -> ERR
[nim] HTTP error 429: {"status":429,"title":"Too Many Requests"}
  [411] Communications Manager, Policy & Public Affairs    -> ERR
[nim] HTTP error 429: {"status":429,"title":"Too Many Requests"}
  [412] Head of Field and Partner Marketing                -> ERR
[nim] HTTP error 429: {"status":429,"title":"Too Many Requests"}
  [413] Credit Risk Analyst, North American Underwriter    -> ERR
[nim] HTTP error 429: {"status":429,"title":"Too Many Requests"}
  [414] Business Operations Senior Associate, Institutiona -> ERR
[nim] HTTP error 429: {"status":429,"title":"Too Many Requests"}
  [415] Program Manager, Professional Services - West      -> ERR
[nim] HTTP error 429: {"status":429,"title":"Too Many Requests"}
  [416] Communications Manager, Policy & Public Affairs    -> ERR
[nim] HTTP error 429: {"status":429,"title":"Too Many Requests"}
  [417] Head of Field and Partner Marketing                -> ERR
[nim] HTTP error 429: {"status":429,"title":"Too Many Requests"}
  [418] Credit Risk Analyst, North American Underwriter    -> ERR
[nim] HTTP error 429: {"status":429,"title":"Too Many Requests"}
  [419] Business Operations Senior Associate, Institutiona -> ERR
[nim] HTTP error 429: {"status":429,"title":"Too Many Requests"}
  [420] Program Manager, Professional Services - West      -> ERR
[nim] HTTP error 429: {"status":429,"title":"Too Many Requests"}
  [421] Communications Manager, Policy & Public Affairs    -> ERR
[nim] HTTP error 429: {"status":429,"title":"Too Many Requests"}
  [422] Head of Field and Partner Marketing                -> ERR
[nim] HTTP error 429: {"status":429,"title":"Too Many Requests"}
  [423] Credit Risk Analyst, North American Underwriter    -> ERR
[nim] HTTP error 429: {"status":429,"title":"Too Many Requests"}
  [424] Business Operations Senior Associate, Institutiona -> ERR
[nim] HTTP error 429: {"status":429,"title":"Too Many Requests"}
  [425] Program Manager, Professional Services - West      -> ERR
[nim] HTTP error 429: {"status":429,"title":"Too Many Requests"}
  [426] Communications Manager, Policy & Public Affairs    -> ERR
[nim] HTTP error 429: {"status":429,"title":"Too Many Requests"}
  [427] Head of Field and Partner Marketing                -> ERR
[nim] HTTP error 429: {"status":429,"title":"Too Many Requests"}
  [428] Credit Risk Analyst, North American Underwriter    -> ERR
[nim] HTTP error 429: {"status":429,"title":"Too Many Requests"}
  [429] Business Operations Senior Associate, Institutiona -> ERR
[nim] HTTP error 429: {"status":429,"title":"Too Many Requests"}
  [430] Program Manager, Professional Services - West      -> ERR
[nim] HTTP error 429: {"status":429,"title":"Too Many Requests"}
  [431] Communications Manager, Policy & Public Affairs    -> ERR
[nim] HTTP error 429: {"status":429,"title":"Too Many Requests"}
  [432] Head of Field and Partner Marketing                -> ERR
[nim] HTTP error 429: {"status":429,"title":"Too Many Requests"}
  [433] Credit Risk Analyst, North American Underwriter    -> ERR
[nim] HTTP error 429: {"status":429,"title":"Too Many Requests"}
  [434] Business Operations Senior Associate, Institutiona -> ERR
[nim] HTTP error 429: {"status":429,"title":"Too Many Requests"}
  [435] Program Manager, Professional Services - West      -> ERR
[nim] HTTP error 429: {"status":429,"title":"Too Many Requests"}
  [436] Communications Manager, Policy & Public Affairs    -> ERR
[nim] HTTP error 429: {"status":429,"title":"Too Many Requests"}
  [437] Head of Field and Partner Marketing                -> ERR
[nim] HTTP error 429: {"status":429,"title":"Too Many Requests"}
  [438] Credit Risk Analyst, North American Underwriter    -> ERR
[nim] HTTP error 429: {"status":429,"title":"Too Many Requests"}
  [439] Business Operations Senior Associate, Institutiona -> ERR
[nim] HTTP error 429: {"status":429,"title":"Too Many Requests"}
  [440] Program Manager, Professional Services - West      -> ERR
[nim] HTTP error 429: {"status":429,"title":"Too Many Requests"}
  [441] Communications Manager, Policy & Public Affairs    -> ERR
[nim] HTTP error 429: {"status":429,"title":"Too Many Requests"}
  [442] Head of Field and Partner Marketing                -> ERR
[nim] HTTP error 429: {"status":429,"title":"Too Many Requests"}
  [443] Credit Risk Analyst, North American Underwriter    -> ERR
[nim] HTTP error 429: {"status":429,"title":"Too Many Requests"}
  [444] Business Operations Senior Associate, Institutiona -> ERR
[nim] HTTP error 429: {"status":429,"title":"Too Many Requests"}
  [445] Program Manager, Professional Services - West      -> ERR
[nim] HTTP error 429: {"status":429,"title":"Too Many Requests"}
  [446] Communications Manager, Policy & Public Affairs    -> ERR
[nim] HTTP error 429: {"status":429,"title":"Too Many Requests"}
  [447] Head of Field and Partner Marketing                -> ERR
[nim] HTTP error 429: {"status":429,"title":"Too Many Requests"}
  [448] Credit Risk Analyst, North American Underwriter    -> ERR
[nim] HTTP error 429: {"status":429,"title":"Too Many Requests"}
  [449] Business Operations Senior Associate, Institutiona -> ERR
[nim] HTTP error 429: {"status":429,"title":"Too Many Requests"}
  [450] Program Manager, Professional Services - West      -> ERR
[nim] HTTP error 429: {"status":429,"title":"Too Many Requests"}
  [451] Communications Manager, Policy & Public Affairs    -> ERR
[nim] HTTP error 429: {"status":429,"title":"Too Many Requests"}
  [452] Head of Field and Partner Marketing                -> ERR
[nim] HTTP error 429: {"status":429,"title":"Too Many Requests"}
  [453] Credit Risk Analyst, North American Underwriter    -> ERR
[nim] HTTP error 429: {"status":429,"title":"Too Many Requests"}
  [454] Business Operations Senior Associate, Institutiona -> ERR
[nim] HTTP error 429: {"status":429,"title":"Too Many Requests"}
  [455] Program Manager, Professional Services - West      -> ERR
[nim] HTTP error 429: {"status":429,"title":"Too Many Requests"}
  [456] Communications Manager, Policy & Public Affairs    -> ERR
[nim] HTTP error 429: {"status":429,"title":"Too Many Requests"}
  [457] Head of Field and Partner Marketing                -> ERR
[nim] HTTP error 429: {"status":429,"title":"Too Many Requests"}
  [458] Credit Risk Analyst, North American Underwriter    -> ERR
[nim] HTTP error 429: {"status":429,"title":"Too Many Requests"}
  [459] Business Operations Senior Associate, Institutiona -> ERR
[nim] HTTP error 429: {"status":429,"title":"Too Many Requests"}
  [460] Program Manager, Professional Services - West      -> ERR
[nim] HTTP error 429: {"status":429,"title":"Too Many Requests"}
  [461] Communications Manager, Policy & Public Affairs    -> ERR
[nim] HTTP error 429: {"status":429,"title":"Too Many Requests"}
  [462] Head of Field and Partner Marketing                -> ERR
[nim] HTTP error 429: {"status":429,"title":"Too Many Requests"}
  [463] Credit Risk Analyst, North American Underwriter    -> ERR
[nim] HTTP error 429: {"status":429,"title":"Too Many Requests"}
  [464] Business Operations Senior Associate, Institutiona -> ERR
[nim] HTTP error 429: {"status":429,"title":"Too Many Requests"}
  [465] Program Manager, Professional Services - West      -> ERR
[nim] HTTP error 429: {"status":429,"title":"Too Many Requests"}
  [466] Communications Manager, Policy & Public Affairs    -> ERR
[nim] HTTP error 429: {"status":429,"title":"Too Many Requests"}
  [467] Head of Field and Partner Marketing                -> ERR
[nim] HTTP error 429: {"status":429,"title":"Too Many Requests"}
  [468] Credit Risk Analyst, North American Underwriter    -> ERR
[nim] HTTP error 429: {"status":429,"title":"Too Many Requests"}
  [469] Business Operations Senior Associate, Institutiona -> ERR
[nim] HTTP error 429: {"status":429,"title":"Too Many Requests"}
  [470] Program Manager, Professional Services - West      -> ERR
[nim] HTTP error 429: {"status":429,"title":"Too Many Requests"}
  [471] Communications Manager, Policy & Public Affairs    -> ERR
[nim] HTTP error 429: {"status":429,"title":"Too Many Requests"}
  [472] Head of Field and Partner Marketing                -> ERR
[nim] HTTP error 429: {"status":429,"title":"Too Many Requests"}
  [473] Credit Risk Analyst, North American Underwriter    -> ERR
[nim] HTTP error 429: {"status":429,"title":"Too Many Requests"}
  [474] Business Operations Senior Associate, Institutiona -> ERR
[nim] HTTP error 429: {"status":429,"title":"Too Many Requests"}
  [475] Program Manager, Professional Services - West      -> ERR
[nim] HTTP error 429: {"status":429,"title":"Too Many Requests"}
  [476] Communications Manager, Policy & Public Affairs    -> ERR
[nim] HTTP error 429: {"status":429,"title":"Too Many Requests"}
  [477] Head of Field and Partner Marketing                -> ERR
[nim] HTTP error 429: {"status":429,"title":"Too Many Requests"}
  [478] Credit Risk Analyst, North American Underwriter    -> ERR
[nim] HTTP error 429: {"status":429,"title":"Too Many Requests"}
  [479] Business Operations Senior Associate, Institutiona -> ERR
[nim] HTTP error 429: {"status":429,"title":"Too Many Requests"}
  [480] Program Manager, Professional Services - West      -> ERR
[nim] HTTP error 429: {"status":429,"title":"Too Many Requests"}
  [481] Communications Manager, Policy & Public Affairs    -> ERR
[nim] HTTP error 429: {"status":429,"title":"Too Many Requests"}
  [482] Head of Field and Partner Marketing                -> ERR
[nim] HTTP error 429: {"status":429,"title":"Too Many Requests"}
  [483] Credit Risk Analyst, North American Underwriter    -> ERR
[nim] HTTP error 429: {"status":429,"title":"Too Many Requests"}
  [484] Business Operations Senior Associate, Institutiona -> ERR
[nim] HTTP error 429: {"status":429,"title":"Too Many Requests"}
  [485] Program Manager, Professional Services - West      -> ERR
[nim] HTTP error 429: {"status":429,"title":"Too Many Requests"}
  [486] Communications Manager, Policy & Public Affairs    -> ERR
[nim] HTTP error 429: {"status":429,"title":"Too Many Requests"}
  [487] Head of Field and Partner Marketing                -> ERR
[nim] HTTP error 429: {"status":429,"title":"Too Many Requests"}
  [488] Credit Risk Analyst, North American Underwriter    -> ERR
[nim] HTTP error 429: {"status":429,"title":"Too Many Requests"}
  [489] Business Operations Senior Associate, Institutiona -> ERR
[nim] HTTP error 429: {"status":429,"title":"Too Many Requests"}
  [490] Program Manager, Professional Services - West      -> ERR
[nim] HTTP error 429: {"status":429,"title":"Too Many Requests"}
  [491] Communications Manager, Policy & Public Affairs    -> ERR
